∀ α β γ δ ε ζ η θ ι κ λ μ ν ξ.
( α.lib = β,
  γ.buildPythonApplication =
    { doCheck = Bool;
      meta =
        { description = String;
          homepage = String;
          license = δ;
          longDescription = String;
          maintainers = [ε];
          platforms = ζ;
        };
      pname = String;
      propagatedBuildInputs = η;
      src = θ;
      version = String;
    } ->
    ι,
  γ.flup = κ,
  γ.isPy3k = Bool,
  γ.ldap = κ,
  γ.sqlalchemy = κ,
  β.optionals = Bool -> [κ] -> η,
  λ.edwtjo = ε,
  λ.licenses = μ,
  λ.maintainers = ν,
  λ.pSub = ε,
  λ.platforms = ξ,
  μ.gpl3Plus = δ,
  ξ.all = ζ
) =>
{ fetchurl = {sha256 = String; url = String;} -> θ;
  pythonPackages = γ;
  stdenv = α;
} ->
ι