[(SrcSpan {spanBegin = SourcePos {sourceName = "<string>", sourceLine = Pos 78, sourceColumn = Pos 17}, spanEnd = SourcePos {sourceName = "<string>", sourceLine = Pos 78, sourceColumn = Pos 42}},KeyNotPresent "lib"),(SrcSpan {spanBegin = SourcePos {sourceName = "<string>", sourceLine = Pos 78, sourceColumn = Pos 17}, spanEnd = SourcePos {sourceName = "<string>", sourceLine = Pos 78, sourceColumn = Pos 42}},UnexpectedType {expected = NAttrSet (fromList []), got = NTypeVariable 0}),(SrcSpan {spanBegin = SourcePos {sourceName = "<string>", sourceLine = Pos 77, sourceColumn = Pos 15}, spanEnd = SourcePos {sourceName = "<string>", sourceLine = Pos 77, sourceColumn = Pos 39}},KeyNotPresent "lib"),(SrcSpan {spanBegin = SourcePos {sourceName = "<string>", sourceLine = Pos 77, sourceColumn = Pos 15}, spanEnd = SourcePos {sourceName = "<string>", sourceLine = Pos 77, sourceColumn = Pos 39}},UnexpectedType {expected = NAttrSet (fromList []), got = NTypeVariable 0}),(SrcSpan {spanBegin = SourcePos {sourceName = "<string>", sourceLine = Pos 70, sourceColumn = Pos 34}, spanEnd = SourcePos {sourceName = "<string>", sourceLine = Pos 70, sourceColumn = Pos 49}},KeyNotPresent "isDarwin"),(SrcSpan {spanBegin = SourcePos {sourceName = "<string>", sourceLine = Pos 70, sourceColumn = Pos 34}, spanEnd = SourcePos {sourceName = "<string>", sourceLine = Pos 70, sourceColumn = Pos 49}},UnexpectedType {expected = NAttrSet (fromList []), got = NTypeVariable 0}),(SrcSpan {spanBegin = SourcePos {sourceName = "<string>", sourceLine = Pos 70, sourceColumn = Pos 8}, spanEnd = SourcePos {sourceName = "<string>", sourceLine = Pos 70, sourceColumn = Pos 33}},KeyNotPresent "lib"),(SrcSpan {spanBegin = SourcePos {sourceName = "<string>", sourceLine = Pos 70, sourceColumn = Pos 8}, spanEnd = SourcePos {sourceName = "<string>", sourceLine = Pos 70, sourceColumn = Pos 33}},UnexpectedType {expected = NAttrSet (fromList []), got = NTypeVariable 0}),(SrcSpan {spanBegin = SourcePos {sourceName = "<string>", sourceLine = Pos 31, sourceColumn = Pos 31}, spanEnd = SourcePos {sourceName = "<string>", sourceLine = Pos 31, sourceColumn = Pos 46}},KeyNotPresent "isDarwin"),(SrcSpan {spanBegin = SourcePos {sourceName = "<string>", sourceLine = Pos 31, sourceColumn = Pos 31}, spanEnd = SourcePos {sourceName = "<string>", sourceLine = Pos 31, sourceColumn = Pos 46}},UnexpectedType {expected = NAttrSet (fromList []), got = NTypeVariable 0}),(SrcSpan {spanBegin = SourcePos {sourceName = "<string>", sourceLine = Pos 31, sourceColumn = Pos 5}, spanEnd = SourcePos {sourceName = "<string>", sourceLine = Pos 31, sourceColumn = Pos 30}},KeyNotPresent "lib"),(SrcSpan {spanBegin = SourcePos {sourceName = "<string>", sourceLine = Pos 31, sourceColumn = Pos 5}, spanEnd = SourcePos {sourceName = "<string>", sourceLine = Pos 31, sourceColumn = Pos 30}},UnexpectedType {expected = NAttrSet (fromList []), got = NTypeVariable 0}),(SrcSpan {spanBegin = SourcePos {sourceName = "<string>", sourceLine = Pos 6, sourceColumn = Pos 4}, spanEnd = SourcePos {sourceName = "<string>", sourceLine = Pos 6, sourceColumn = Pos 23}},KeyNotPresent "mkDerivation"),(SrcSpan {spanBegin = SourcePos {sourceName = "<string>", sourceLine = Pos 6, sourceColumn = Pos 4}, spanEnd = SourcePos {sourceName = "<string>", sourceLine = Pos 6, sourceColumn = Pos 23}},UnexpectedType {expected = NAttrSet (fromList []), got = NTypeVariable 0}),(SrcSpan {spanBegin = SourcePos {sourceName = "<string>", sourceLine = Pos 5, sourceColumn = Pos 15}, spanEnd = SourcePos {sourceName = "<string>", sourceLine = Pos 5, sourceColumn = Pos 59}},KeyNotPresent "hostPlatform"),(SrcSpan {spanBegin = SourcePos {sourceName = "<string>", sourceLine = Pos 5, sourceColumn = Pos 15}, spanEnd = SourcePos {sourceName = "<string>", sourceLine = Pos 5, sourceColumn = Pos 59}},UnexpectedType {expected = NAttrSet (fromList []), got = NTypeVariable 0})]
[]
âˆ€ Î² Î³ Î´. { fetchurl = { sha256 = String; url = String } -> Î²; stdenv = Î³; unzip = Î´ } -> { NIX_CFLAGS_COMPILE = String; buildPhase = String; checkPhase = String; doCheck = Bool; hardeningDisable = [String]; installPhase = String; meta = { description = String; homepage = String; license = âˆ€ Î±. Î±; platforms = âˆ€ Î±. Î± }; nativeBuildInputs = [Î´]; patches = [Path]; pname = String; preConfigure = String; src = { sha256 = String; url = String }; version = String }