∀ α β γ δ ε ζ η θ ι κ.
( α.lib = β,
  α.mkDerivation =
    { buildInputs = [γ];
      builder = Path;
      doCheck = Bool;
      dontPatchShebangs = Bool;
      enableParallelBuilding = Bool;
      meta =
        { branch = String;
          description = String;
          homepage = String;
          license = δ;
          longDescription = String;
          platforms = ε;
        };
      name = String;
      patches = [Path];
      preCheck = String;
      setupHook = Path;
      src = ζ;
    } ->
    η,
  β.licenses = θ,
  θ.gpl2Plus = δ,
  ι.platforms = κ,
  κ.all = ε
) =>
{ autoconf = γ;
  fetchurl = {sha256 = String; url = String;} -> ζ;
  perl = γ;
  stdenv = α;
} ->
η