∀ β γ δ.
( β.alexandria = γ,
  β.anaphora = γ,
  β.closer-mop = γ,
  β.fetchurl = {sha256 = String; url = String;} -> δ,
  β.fiveam = γ,
  β.let-plus = γ,
  β.trivial-garbage = γ
) =>
β ->
{ asdFilesToKeep = [String];
  baseName = String;
  deps = [γ];
  description = String;
  overrides = ∀ α. α -> α;
  packageName = String;
  parasites = [String];
  src = δ;
  version = String;
}