[(SrcSpan {spanBegin = SourcePos {sourceName = "<string>", sourceLine = Pos 20, sourceColumn = Pos 39}, spanEnd = SourcePos {sourceName = "<string>", sourceLine = Pos 20, sourceColumn = Pos 46}},UndefinedVariable "manveru"),(SrcSpan {spanBegin = SourcePos {sourceName = "<string>", sourceLine = Pos 20, sourceColumn = Pos 19}, spanEnd = SourcePos {sourceName = "<string>", sourceLine = Pos 20, sourceColumn = Pos 48}},UnexpectedType {expected = NAttrSet (fromList []), got = NTypeVariable 6}),(SrcSpan {spanBegin = SourcePos {sourceName = "<string>", sourceLine = Pos 20, sourceColumn = Pos 24}, spanEnd = SourcePos {sourceName = "<string>", sourceLine = Pos 20, sourceColumn = Pos 35}},UndefinedVariable "maintainers"),(SrcSpan {spanBegin = SourcePos {sourceName = "<string>", sourceLine = Pos 19, sourceColumn = Pos 15}, spanEnd = SourcePos {sourceName = "<string>", sourceLine = Pos 19, sourceColumn = Pos 27}},KeyNotPresent "mit"),(SrcSpan {spanBegin = SourcePos {sourceName = "<string>", sourceLine = Pos 19, sourceColumn = Pos 15}, spanEnd = SourcePos {sourceName = "<string>", sourceLine = Pos 19, sourceColumn = Pos 27}},UnexpectedType {expected = NAttrSet (fromList []), got = NTypeVariable 4}),(SrcSpan {spanBegin = SourcePos {sourceName = "<string>", sourceLine = Pos 19, sourceColumn = Pos 15}, spanEnd = SourcePos {sourceName = "<string>", sourceLine = Pos 19, sourceColumn = Pos 23}},UndefinedVariable "licenses"),(SrcSpan {spanBegin = SourcePos {sourceName = "<string>", sourceLine = Pos 17, sourceColumn = Pos 10}, spanEnd = SourcePos {sourceName = "<string>", sourceLine = Pos 21, sourceColumn = Pos 4}},UnexpectedType {expected = NAttrSet (fromList []), got = NTypeVariable 0}),(SrcSpan {spanBegin = SourcePos {sourceName = "<string>", sourceLine = Pos 3, sourceColumn = Pos 1}, spanEnd = SourcePos {sourceName = "<string>", sourceLine = Pos 3, sourceColumn = Pos 28}},KeyNotPresent "buildCrystalPackage"),(SrcSpan {spanBegin = SourcePos {sourceName = "<string>", sourceLine = Pos 3, sourceColumn = Pos 1}, spanEnd = SourcePos {sourceName = "<string>", sourceLine = Pos 3, sourceColumn = Pos 28}},UnexpectedType {expected = NAttrSet (fromList []), got = NTypeVariable 1})]
[]
âˆ€ Î² Î³ Î´. { crystal = Î²; lib = Î³; nix-prefetch-git = Î´ } -> { crystalBinaries = { crystal2nix = { src = String } }; doInstallCheck = Bool; format = String; meta = { description = String; license = âˆ€ Î±. Î±; maintainers = âˆ€ Î±. [Î±] }; nixPrefetchGit = String; pname = String; unpackPhase = String; version = String }