∀ β γ δ ε. { config = β; lib = γ; options = δ; pkgs = ε } -> { extraOpts = { dnsmasqListenAddress = { default = String; description = String; type = ∀ α. α }; leasesPath = { default = String; description = String; example = String; type = ∀ α. α } }; port = Integer; serviceOpts = { serviceConfig = { ExecStart = String } } }