∀ α β γ δ ε ζ η θ ι κ λ μ ν ξ.
( α.lib = β,
  α.mkDerivation =
    { buildInputs = [γ];
      configurePhase = String;
      installPhase = String;
      meta =
        {description = String; homepage = δ; license = ε; platforms = [ζ];};
      name = String;
      patches = [Path];
      src = η;
    } ->
    θ,
  η.meta = ι,
  β.licenses = κ,
  κ.lgpl3 = ε,
  λ.platforms = μ,
  μ.linux = [ζ],
  ν.platforms = ξ,
  ξ.darwin = [ζ],
  ι.homepage = δ
) =>
{ fetchFromGitHub =
    {owner = String; repo = String; rev = String; sha256 = String;} -> η;
  pixie = γ;
  stdenv = α;
} ->
θ