[(SrcSpan {spanBegin = SourcePos {sourceName = "<string>", sourceLine = Pos 63, sourceColumn = Pos 46}, spanEnd = SourcePos {sourceName = "<string>", sourceLine = Pos 63, sourceColumn = Pos 53}},UndefinedVariable "rnhmjoj"),(SrcSpan {spanBegin = SourcePos {sourceName = "<string>", sourceLine = Pos 63, sourceColumn = Pos 22}, spanEnd = SourcePos {sourceName = "<string>", sourceLine = Pos 63, sourceColumn = Pos 55}},UnexpectedType {expected = NAttrSet (fromList []), got = NTypeVariable 28}),(SrcSpan {spanBegin = SourcePos {sourceName = "<string>", sourceLine = Pos 63, sourceColumn = Pos 27}, spanEnd = SourcePos {sourceName = "<string>", sourceLine = Pos 63, sourceColumn = Pos 42}},KeyNotPresent "maintainers"),(SrcSpan {spanBegin = SourcePos {sourceName = "<string>", sourceLine = Pos 63, sourceColumn = Pos 27}, spanEnd = SourcePos {sourceName = "<string>", sourceLine = Pos 63, sourceColumn = Pos 42}},UnexpectedType {expected = NAttrSet (fromList []), got = NTypeVariable 1}),(SrcSpan {spanBegin = SourcePos {sourceName = "<string>", sourceLine = Pos 49, sourceColumn = Pos 17}, spanEnd = SourcePos {sourceName = "<string>", sourceLine = Pos 49, sourceColumn = Pos 27}},KeyNotPresent "enable"),(SrcSpan {spanBegin = SourcePos {sourceName = "<string>", sourceLine = Pos 49, sourceColumn = Pos 17}, spanEnd = SourcePos {sourceName = "<string>", sourceLine = Pos 49, sourceColumn = Pos 27}},UnexpectedType {expected = NAttrSet (fromList []), got = NBrujin (DeBrujin 0 0)}),(SrcSpan {spanBegin = SourcePos {sourceName = "<string>", sourceLine = Pos 49, sourceColumn = Pos 12}, spanEnd = SourcePos {sourceName = "<string>", sourceLine = Pos 49, sourceColumn = Pos 16}},UndefinedVariable "mkIf"),(SrcSpan {spanBegin = SourcePos {sourceName = "<string>", sourceLine = Pos 28, sourceColumn = Pos 29}, spanEnd = SourcePos {sourceName = "<string>", sourceLine = Pos 28, sourceColumn = Pos 38}},KeyNotPresent "str"),(SrcSpan {spanBegin = SourcePos {sourceName = "<string>", sourceLine = Pos 28, sourceColumn = Pos 29}, spanEnd = SourcePos {sourceName = "<string>", sourceLine = Pos 28, sourceColumn = Pos 38}},UnexpectedType {expected = NAttrSet (fromList []), got = NTypeVariable 19}),(SrcSpan {spanBegin = SourcePos {sourceName = "<string>", sourceLine = Pos 28, sourceColumn = Pos 29}, spanEnd = SourcePos {sourceName = "<string>", sourceLine = Pos 28, sourceColumn = Pos 34}},UndefinedVariable "types"),(SrcSpan {spanBegin = SourcePos {sourceName = "<string>", sourceLine = Pos 28, sourceColumn = Pos 16}, spanEnd = SourcePos {sourceName = "<string>", sourceLine = Pos 28, sourceColumn = Pos 28}},KeyNotPresent "listOf"),(SrcSpan {spanBegin = SourcePos {sourceName = "<string>", sourceLine = Pos 28, sourceColumn = Pos 16}, spanEnd = SourcePos {sourceName = "<string>", sourceLine = Pos 28, sourceColumn = Pos 28}},UnexpectedType {expected = NAttrSet (fromList []), got = NTypeVariable 17}),(SrcSpan {spanBegin = SourcePos {sourceName = "<string>", sourceLine = Pos 28, sourceColumn = Pos 16}, spanEnd = SourcePos {sourceName = "<string>", sourceLine = Pos 28, sourceColumn = Pos 21}},UndefinedVariable "types"),(SrcSpan {spanBegin = SourcePos {sourceName = "<string>", sourceLine = Pos 27, sourceColumn = Pos 15}, spanEnd = SourcePos {sourceName = "<string>", sourceLine = Pos 27, sourceColumn = Pos 23}},UndefinedVariable "mkOption"),(SrcSpan {spanBegin = SourcePos {sourceName = "<string>", sourceLine = Pos 20, sourceColumn = Pos 16}, spanEnd = SourcePos {sourceName = "<string>", sourceLine = Pos 20, sourceColumn = Pos 26}},KeyNotPresent "bool"),(SrcSpan {spanBegin = SourcePos {sourceName = "<string>", sourceLine = Pos 20, sourceColumn = Pos 16}, spanEnd = SourcePos {sourceName = "<string>", sourceLine = Pos 20, sourceColumn = Pos 26}},UnexpectedType {expected = NAttrSet (fromList []), got = NTypeVariable 13}),(SrcSpan {spanBegin = SourcePos {sourceName = "<string>", sourceLine = Pos 20, sourceColumn = Pos 16}, spanEnd = SourcePos {sourceName = "<string>", sourceLine = Pos 20, sourceColumn = Pos 21}},UndefinedVariable "types"),(SrcSpan {spanBegin = SourcePos {sourceName = "<string>", sourceLine = Pos 19, sourceColumn = Pos 16}, spanEnd = SourcePos {sourceName = "<string>", sourceLine = Pos 19, sourceColumn = Pos 24}},UndefinedVariable "mkOption"),(SrcSpan {spanBegin = SourcePos {sourceName = "<string>", sourceLine = Pos 7, sourceColumn = Pos 66}, spanEnd = SourcePos {sourceName = "<string>", sourceLine = Pos 7, sourceColumn = Pos 75}},KeyNotPresent "route"),(SrcSpan {spanBegin = SourcePos {sourceName = "<string>", sourceLine = Pos 7, sourceColumn = Pos 66}, spanEnd = SourcePos {sourceName = "<string>", sourceLine = Pos 7, sourceColumn = Pos 75}},UnexpectedType {expected = NAttrSet (fromList []), got = NTypeVariable 8}),(SrcSpan {spanBegin = SourcePos {sourceName = "<string>", sourceLine = Pos 7, sourceColumn = Pos 66}, spanEnd = SourcePos {sourceName = "<string>", sourceLine = Pos 7, sourceColumn = Pos 69}},UndefinedVariable "cfg"),(SrcSpan {spanBegin = SourcePos {sourceName = "<string>", sourceLine = Pos 7, sourceColumn = Pos 44}, spanEnd = SourcePos {sourceName = "<string>", sourceLine = Pos 7, sourceColumn = Pos 60}},UndefinedVariable "concatStringsSep"),(SrcSpan {spanBegin = SourcePos {sourceName = "<string>", sourceLine = Pos 7, sourceColumn = Pos 15}, spanEnd = SourcePos {sourceName = "<string>", sourceLine = Pos 7, sourceColumn = Pos 29}},KeyNotPresent "writeText"),(SrcSpan {spanBegin = SourcePos {sourceName = "<string>", sourceLine = Pos 7, sourceColumn = Pos 15}, spanEnd = SourcePos {sourceName = "<string>", sourceLine = Pos 7, sourceColumn = Pos 29}},UnexpectedType {expected = NAttrSet (fromList []), got = NTypeVariable 2}),(SrcSpan {spanBegin = SourcePos {sourceName = "<string>", sourceLine = Pos 6, sourceColumn = Pos 9}, spanEnd = SourcePos {sourceName = "<string>", sourceLine = Pos 6, sourceColumn = Pos 34}},KeyNotPresent "services"),(SrcSpan {spanBegin = SourcePos {sourceName = "<string>", sourceLine = Pos 6, sourceColumn = Pos 9}, spanEnd = SourcePos {sourceName = "<string>", sourceLine = Pos 6, sourceColumn = Pos 34}},UnexpectedType {expected = NAttrSet (fromList []), got = NTypeVariable 0}),(SrcSpan {spanBegin = SourcePos {sourceName = "<string>", sourceLine = Pos 3, sourceColumn = Pos 1}, spanEnd = SourcePos {sourceName = "<string>", sourceLine = Pos 66, sourceColumn = Pos 1}},UnexpectedType {expected = NAttrSet (fromList []), got = NTypeVariable 1})]
[CanNotUnify (NAtomic String) (NTypeVariable 9 :-> NTypeVariable 11),CanNotUnify (NAtomic String) (NTypeVariable 9 :-> NTypeVariable 10)]
âˆ€ Î³ Î´ Îµ. { config = Î³; lib = Î´; pkgs = Îµ } -> { config = { systemd = { services = { fakeroute = { after = [String]; description = String; serviceConfig = { ExecStart = String; Type = String; User = String }; wantedBy = [String] } } } }; meta = { maintainers = âˆ€ Î². [Î²] }; options = { services = { fakeroute = { enable = { default = Bool; description = String; type = âˆ€ Î±. Î± }; route = { default = âˆ€ Î±. Î±; description = String; example = [String]; type = âˆ€ Î±. Î± } } } } }