[(SrcSpan {spanBegin = SourcePos {sourceName = "<string>", sourceLine = Pos 92, sourceColumn = Pos 42}, spanEnd = SourcePos {sourceName = "<string>", sourceLine = Pos 92, sourceColumn = Pos 50}},UndefinedVariable "gnidorah"),(SrcSpan {spanBegin = SourcePos {sourceName = "<string>", sourceLine = Pos 92, sourceColumn = Pos 22}, spanEnd = SourcePos {sourceName = "<string>", sourceLine = Pos 92, sourceColumn = Pos 52}},UnexpectedType {expected = NAttrSet (fromList []), got = NTypeVariable 38}),(SrcSpan {spanBegin = SourcePos {sourceName = "<string>", sourceLine = Pos 92, sourceColumn = Pos 27}, spanEnd = SourcePos {sourceName = "<string>", sourceLine = Pos 92, sourceColumn = Pos 38}},UndefinedVariable "maintainers"),(SrcSpan {spanBegin = SourcePos {sourceName = "<string>", sourceLine = Pos 69, sourceColumn = Pos 17}, spanEnd = SourcePos {sourceName = "<string>", sourceLine = Pos 69, sourceColumn = Pos 26}},KeyNotPresent "group"),(SrcSpan {spanBegin = SourcePos {sourceName = "<string>", sourceLine = Pos 69, sourceColumn = Pos 17}, spanEnd = SourcePos {sourceName = "<string>", sourceLine = Pos 69, sourceColumn = Pos 26}},UnexpectedType {expected = NAttrSet (fromList []), got = NBrujin (DeBrujin 0 0)}),(SrcSpan {spanBegin = SourcePos {sourceName = "<string>", sourceLine = Pos 68, sourceColumn = Pos 16}, spanEnd = SourcePos {sourceName = "<string>", sourceLine = Pos 68, sourceColumn = Pos 24}},KeyNotPresent "user"),(SrcSpan {spanBegin = SourcePos {sourceName = "<string>", sourceLine = Pos 68, sourceColumn = Pos 16}, spanEnd = SourcePos {sourceName = "<string>", sourceLine = Pos 68, sourceColumn = Pos 24}},UnexpectedType {expected = NAttrSet (fromList []), got = NBrujin (DeBrujin 0 0)}),(SrcSpan {spanBegin = SourcePos {sourceName = "<string>", sourceLine = Pos 59, sourceColumn = Pos 17}, spanEnd = SourcePos {sourceName = "<string>", sourceLine = Pos 59, sourceColumn = Pos 27}},KeyNotPresent "enable"),(SrcSpan {spanBegin = SourcePos {sourceName = "<string>", sourceLine = Pos 59, sourceColumn = Pos 17}, spanEnd = SourcePos {sourceName = "<string>", sourceLine = Pos 59, sourceColumn = Pos 27}},UnexpectedType {expected = NAttrSet (fromList []), got = NBrujin (DeBrujin 0 0)}),(SrcSpan {spanBegin = SourcePos {sourceName = "<string>", sourceLine = Pos 59, sourceColumn = Pos 12}, spanEnd = SourcePos {sourceName = "<string>", sourceLine = Pos 59, sourceColumn = Pos 16}},UndefinedVariable "mkIf"),(SrcSpan {spanBegin = SourcePos {sourceName = "<string>", sourceLine = Pos 51, sourceColumn = Pos 14}, spanEnd = SourcePos {sourceName = "<string>", sourceLine = Pos 51, sourceColumn = Pos 23}},KeyNotPresent "str"),(SrcSpan {spanBegin = SourcePos {sourceName = "<string>", sourceLine = Pos 51, sourceColumn = Pos 14}, spanEnd = SourcePos {sourceName = "<string>", sourceLine = Pos 51, sourceColumn = Pos 23}},UnexpectedType {expected = NAttrSet (fromList []), got = NTypeVariable 29}),(SrcSpan {spanBegin = SourcePos {sourceName = "<string>", sourceLine = Pos 51, sourceColumn = Pos 14}, spanEnd = SourcePos {sourceName = "<string>", sourceLine = Pos 51, sourceColumn = Pos 19}},UndefinedVariable "types"),(SrcSpan {spanBegin = SourcePos {sourceName = "<string>", sourceLine = Pos 49, sourceColumn = Pos 19}, spanEnd = SourcePos {sourceName = "<string>", sourceLine = Pos 49, sourceColumn = Pos 27}},UndefinedVariable "mkOption"),(SrcSpan {spanBegin = SourcePos {sourceName = "<string>", sourceLine = Pos 43, sourceColumn = Pos 14}, spanEnd = SourcePos {sourceName = "<string>", sourceLine = Pos 43, sourceColumn = Pos 23}},KeyNotPresent "str"),(SrcSpan {spanBegin = SourcePos {sourceName = "<string>", sourceLine = Pos 43, sourceColumn = Pos 14}, spanEnd = SourcePos {sourceName = "<string>", sourceLine = Pos 43, sourceColumn = Pos 23}},UnexpectedType {expected = NAttrSet (fromList []), got = NTypeVariable 25}),(SrcSpan {spanBegin = SourcePos {sourceName = "<string>", sourceLine = Pos 43, sourceColumn = Pos 14}, spanEnd = SourcePos {sourceName = "<string>", sourceLine = Pos 43, sourceColumn = Pos 19}},UndefinedVariable "types"),(SrcSpan {spanBegin = SourcePos {sourceName = "<string>", sourceLine = Pos 41, sourceColumn = Pos 13}, spanEnd = SourcePos {sourceName = "<string>", sourceLine = Pos 41, sourceColumn = Pos 21}},UndefinedVariable "mkOption"),(SrcSpan {spanBegin = SourcePos {sourceName = "<string>", sourceLine = Pos 35, sourceColumn = Pos 14}, spanEnd = SourcePos {sourceName = "<string>", sourceLine = Pos 35, sourceColumn = Pos 23}},KeyNotPresent "str"),(SrcSpan {spanBegin = SourcePos {sourceName = "<string>", sourceLine = Pos 35, sourceColumn = Pos 14}, spanEnd = SourcePos {sourceName = "<string>", sourceLine = Pos 35, sourceColumn = Pos 23}},UnexpectedType {expected = NAttrSet (fromList []), got = NTypeVariable 21}),(SrcSpan {spanBegin = SourcePos {sourceName = "<string>", sourceLine = Pos 35, sourceColumn = Pos 14}, spanEnd = SourcePos {sourceName = "<string>", sourceLine = Pos 35, sourceColumn = Pos 19}},UndefinedVariable "types"),(SrcSpan {spanBegin = SourcePos {sourceName = "<string>", sourceLine = Pos 33, sourceColumn = Pos 12}, spanEnd = SourcePos {sourceName = "<string>", sourceLine = Pos 33, sourceColumn = Pos 20}},UndefinedVariable "mkOption"),(SrcSpan {spanBegin = SourcePos {sourceName = "<string>", sourceLine = Pos 27, sourceColumn = Pos 14}, spanEnd = SourcePos {sourceName = "<string>", sourceLine = Pos 27, sourceColumn = Pos 23}},KeyNotPresent "str"),(SrcSpan {spanBegin = SourcePos {sourceName = "<string>", sourceLine = Pos 27, sourceColumn = Pos 14}, spanEnd = SourcePos {sourceName = "<string>", sourceLine = Pos 27, sourceColumn = Pos 23}},UnexpectedType {expected = NAttrSet (fromList []), got = NTypeVariable 17}),(SrcSpan {spanBegin = SourcePos {sourceName = "<string>", sourceLine = Pos 27, sourceColumn = Pos 14}, spanEnd = SourcePos {sourceName = "<string>", sourceLine = Pos 27, sourceColumn = Pos 19}},UndefinedVariable "types"),(SrcSpan {spanBegin = SourcePos {sourceName = "<string>", sourceLine = Pos 25, sourceColumn = Pos 16}, spanEnd = SourcePos {sourceName = "<string>", sourceLine = Pos 25, sourceColumn = Pos 24}},UndefinedVariable "mkOption"),(SrcSpan {spanBegin = SourcePos {sourceName = "<string>", sourceLine = Pos 19, sourceColumn = Pos 14}, spanEnd = SourcePos {sourceName = "<string>", sourceLine = Pos 19, sourceColumn = Pos 24}},KeyNotPresent "bool"),(SrcSpan {spanBegin = SourcePos {sourceName = "<string>", sourceLine = Pos 19, sourceColumn = Pos 14}, spanEnd = SourcePos {sourceName = "<string>", sourceLine = Pos 19, sourceColumn = Pos 24}},UnexpectedType {expected = NAttrSet (fromList []), got = NTypeVariable 13}),(SrcSpan {spanBegin = SourcePos {sourceName = "<string>", sourceLine = Pos 19, sourceColumn = Pos 14}, spanEnd = SourcePos {sourceName = "<string>", sourceLine = Pos 19, sourceColumn = Pos 19}},UndefinedVariable "types"),(SrcSpan {spanBegin = SourcePos {sourceName = "<string>", sourceLine = Pos 17, sourceColumn = Pos 14}, spanEnd = SourcePos {sourceName = "<string>", sourceLine = Pos 17, sourceColumn = Pos 22}},UndefinedVariable "mkOption"),(SrcSpan {spanBegin = SourcePos {sourceName = "<string>", sourceLine = Pos 8, sourceColumn = Pos 49}, spanEnd = SourcePos {sourceName = "<string>", sourceLine = Pos 8, sourceColumn = Pos 73}},KeyNotPresent "gitwebTheme"),(SrcSpan {spanBegin = SourcePos {sourceName = "<string>", sourceLine = Pos 8, sourceColumn = Pos 49}, spanEnd = SourcePos {sourceName = "<string>", sourceLine = Pos 8, sourceColumn = Pos 73}},UnexpectedType {expected = NAttrSet (fromList []), got = NTypeVariable 7}),(SrcSpan {spanBegin = SourcePos {sourceName = "<string>", sourceLine = Pos 8, sourceColumn = Pos 49}, spanEnd = SourcePos {sourceName = "<string>", sourceLine = Pos 8, sourceColumn = Pos 61}},UndefinedVariable "gitwebConfig"),(SrcSpan {spanBegin = SourcePos {sourceName = "<string>", sourceLine = Pos 8, sourceColumn = Pos 35}, spanEnd = SourcePos {sourceName = "<string>", sourceLine = Pos 8, sourceColumn = Pos 48}},UndefinedVariable "optionalAttrs"),(SrcSpan {spanBegin = SourcePos {sourceName = "<string>", sourceLine = Pos 8, sourceColumn = Pos 13}, spanEnd = SourcePos {sourceName = "<string>", sourceLine = Pos 8, sourceColumn = Pos 33}},KeyNotPresent "gitweb"),(SrcSpan {spanBegin = SourcePos {sourceName = "<string>", sourceLine = Pos 8, sourceColumn = Pos 13}, spanEnd = SourcePos {sourceName = "<string>", sourceLine = Pos 8, sourceColumn = Pos 33}},UnexpectedType {expected = NAttrSet (fromList []), got = NTypeVariable 2}),(SrcSpan {spanBegin = SourcePos {sourceName = "<string>", sourceLine = Pos 7, sourceColumn = Pos 18}, spanEnd = SourcePos {sourceName = "<string>", sourceLine = Pos 7, sourceColumn = Pos 40}},KeyNotPresent "services"),(SrcSpan {spanBegin = SourcePos {sourceName = "<string>", sourceLine = Pos 7, sourceColumn = Pos 18}, spanEnd = SourcePos {sourceName = "<string>", sourceLine = Pos 7, sourceColumn = Pos 40}},UnexpectedType {expected = NAttrSet (fromList []), got = NTypeVariable 0}),(SrcSpan {spanBegin = SourcePos {sourceName = "<string>", sourceLine = Pos 6, sourceColumn = Pos 9}, spanEnd = SourcePos {sourceName = "<string>", sourceLine = Pos 6, sourceColumn = Pos 37}},KeyNotPresent "services"),(SrcSpan {spanBegin = SourcePos {sourceName = "<string>", sourceLine = Pos 6, sourceColumn = Pos 9}, spanEnd = SourcePos {sourceName = "<string>", sourceLine = Pos 6, sourceColumn = Pos 37}},UnexpectedType {expected = NAttrSet (fromList []), got = NTypeVariable 0}),(SrcSpan {spanBegin = SourcePos {sourceName = "<string>", sourceLine = Pos 3, sourceColumn = Pos 1}, spanEnd = SourcePos {sourceName = "<string>", sourceLine = Pos 95, sourceColumn = Pos 1}},UnexpectedType {expected = NAttrSet (fromList []), got = NTypeVariable 1})]
[]
âˆ€ Î³ Î´ Îµ. { config = Î³; lib = Î´; pkgs = Îµ } -> { config = { services = { nginx = {  } }; systemd = { services = { gitweb = { description = String; environment = { FCGI_SOCKET_PATH = String }; script = String; serviceConfig = { Group = âˆ€ Î±. Î±; RuntimeDirectory = [String]; User = âˆ€ Î±. Î± }; wantedBy = [String] } } } }; meta = { maintainers = âˆ€ Î². [Î²] }; options = { services = { nginx = { gitweb = { enable = { default = Bool; description = String; type = âˆ€ Î±. Î± }; group = { default = String; description = String; type = âˆ€ Î±. Î± }; location = { default = String; description = String; type = âˆ€ Î±. Î± }; user = { default = String; description = String; type = âˆ€ Î±. Î± }; virtualHost = { default = String; description = String; type = âˆ€ Î±. Î± } } } } } }