∀ α. { pkgs = α } -> { fetchMaven = {  }; mavenPlugins = {  }; mavenbuild = {  } }