∀ γ δ ε ζ η. { avogadro = γ; extra-cmake-modules = δ; kdoctools = ε; ki18n = ε; kio = ε; kparts = ε; kplotting = ε; kunitconversion = ε; lib = ζ; mkDerivation = { buildInputs = [ε]; meta = { description = String; homepage = String; license = ∀ α. α; maintainers = ∀ α. [α]; platforms = ∀ α. α }; name = String; nativeBuildInputs = [δ] } -> η; openbabel = ε; qtscript = ε } -> { buildInputs = [ε]; meta = { description = String; homepage = String; license = ∀ β. β; maintainers = ∀ β. [β]; platforms = ∀ β. β }; name = String; nativeBuildInputs = [δ] }