[]
[]
∀ α β γ. { extra-cmake-modules = α; kconfig = β; kconfigwidgets = β; kdoctools = α; ki18n = β; libXxf86vm = β; mkDerivation = { buildInputs = [β]; name = String; nativeBuildInputs = [α] } -> γ; qtx11extras = β } -> { buildInputs = [β]; name = String; nativeBuildInputs = [α] }