∀ α β γ δ ε ζ η θ.
( α.licenses = β,
  α.maintainers = γ,
  δ.libxcb = ε,
  δ.libxkbfile = ε,
  β.gpl2 = ζ,
  γ.schmittlauch = η
) =>
{ extra-cmake-modules = ε;
  kcmutils = ε;
  kconfig = ε;
  kconfigwidgets = ε;
  kcoreaddons = ε;
  kdeclarative = ε;
  kdoctools = ε;
  ki18n = ε;
  kio = ε;
  kitemviews = ε;
  knewstuff = ε;
  kqtquickcharts = ε;
  ktexteditor = ε;
  kwidgetsaddons = ε;
  kwindowsystem = ε;
  kxmlgui = ε;
  lib = α;
  mkDerivation =
    { buildInputs = [ε];
      enableParallelBuilding = Bool;
      meta = {description = String; license = ζ; maintainers = [η];};
      name = String;
      nativeBuildInputs = [ε];
    } ->
    θ;
  qtdeclarative = ε;
  qtgraphicaleffects = ε;
  qtquickcontrols2 = ε;
  qtscript = ε;
  qtx11extras = ε;
  qtxmlpatterns = ε;
  xorg = δ;
} ->
θ