∀ γ δ ε ζ. { extra-cmake-modules = γ; gpsd = δ; kdoctools = γ; knewstuff = δ; kparts = δ; krunner = δ; lib = ε; mkDerivation = { meta = { license = ∀ α. [α] }; name = String; nativeBuildInputs = [γ]; outputs = [String]; preConfigure = String; propagatedBuildInputs = [δ] } -> ζ; perl = γ; qtquickcontrols = δ; qtscript = δ; qtsvg = δ; qtwebengine = δ; shared-mime-info = δ } -> { meta = { license = ∀ β. [β] }; name = String; nativeBuildInputs = [γ]; outputs = [String]; preConfigure = String; propagatedBuildInputs = [δ] }