[(SrcSpan {spanBegin = SourcePos {sourceName = "<string>", sourceLine = Pos 149, sourceColumn = Pos 37}, spanEnd = SourcePos {sourceName = "<string>", sourceLine = Pos 149, sourceColumn = Pos 54}},KeyNotPresent "maintInterval"),(SrcSpan {spanBegin = SourcePos {sourceName = "<string>", sourceLine = Pos 149, sourceColumn = Pos 37}, spanEnd = SourcePos {sourceName = "<string>", sourceLine = Pos 149, sourceColumn = Pos 54}},UnexpectedType {expected = NAttrSet (fromList []), got = NBrujin (DeBrujin 0 0)}),(SrcSpan {spanBegin = SourcePos {sourceName = "<string>", sourceLine = Pos 142, sourceColumn = Pos 17}, spanEnd = SourcePos {sourceName = "<string>", sourceLine = Pos 142, sourceColumn = Pos 26}},KeyNotPresent "group"),(SrcSpan {spanBegin = SourcePos {sourceName = "<string>", sourceLine = Pos 142, sourceColumn = Pos 17}, spanEnd = SourcePos {sourceName = "<string>", sourceLine = Pos 142, sourceColumn = Pos 26}},UnexpectedType {expected = NAttrSet (fromList []), got = NBrujin (DeBrujin 0 0)}),(SrcSpan {spanBegin = SourcePos {sourceName = "<string>", sourceLine = Pos 141, sourceColumn = Pos 16}, spanEnd = SourcePos {sourceName = "<string>", sourceLine = Pos 141, sourceColumn = Pos 24}},KeyNotPresent "user"),(SrcSpan {spanBegin = SourcePos {sourceName = "<string>", sourceLine = Pos 141, sourceColumn = Pos 16}, spanEnd = SourcePos {sourceName = "<string>", sourceLine = Pos 141, sourceColumn = Pos 24}},UnexpectedType {expected = NAttrSet (fromList []), got = NBrujin (DeBrujin 0 0)}),(SrcSpan {spanBegin = SourcePos {sourceName = "<string>", sourceLine = Pos 126, sourceColumn = Pos 36}, spanEnd = SourcePos {sourceName = "<string>", sourceLine = Pos 126, sourceColumn = Pos 46}},KeyNotPresent "mlmmj"),(SrcSpan {spanBegin = SourcePos {sourceName = "<string>", sourceLine = Pos 126, sourceColumn = Pos 36}, spanEnd = SourcePos {sourceName = "<string>", sourceLine = Pos 126, sourceColumn = Pos 46}},UnexpectedType {expected = NAttrSet (fromList []), got = NTypeVariable 2}),(SrcSpan {spanBegin = SourcePos {sourceName = "<string>", sourceLine = Pos 117, sourceColumn = Pos 60}, spanEnd = SourcePos {sourceName = "<string>", sourceLine = Pos 117, sourceColumn = Pos 73}},KeyNotPresent "mailLists"),(SrcSpan {spanBegin = SourcePos {sourceName = "<string>", sourceLine = Pos 117, sourceColumn = Pos 60}, spanEnd = SourcePos {sourceName = "<string>", sourceLine = Pos 117, sourceColumn = Pos 73}},UnexpectedType {expected = NAttrSet (fromList []), got = NBrujin (DeBrujin 0 0)}),(SrcSpan {spanBegin = SourcePos {sourceName = "<string>", sourceLine = Pos 117, sourceColumn = Pos 44}, spanEnd = SourcePos {sourceName = "<string>", sourceLine = Pos 117, sourceColumn = Pos 58}},KeyNotPresent "listDomain"),(SrcSpan {spanBegin = SourcePos {sourceName = "<string>", sourceLine = Pos 117, sourceColumn = Pos 44}, spanEnd = SourcePos {sourceName = "<string>", sourceLine = Pos 117, sourceColumn = Pos 58}},UnexpectedType {expected = NAttrSet (fromList []), got = NBrujin (DeBrujin 0 0)}),(SrcSpan {spanBegin = SourcePos {sourceName = "<string>", sourceLine = Pos 95, sourceColumn = Pos 17}, spanEnd = SourcePos {sourceName = "<string>", sourceLine = Pos 95, sourceColumn = Pos 27}},KeyNotPresent "enable"),(SrcSpan {spanBegin = SourcePos {sourceName = "<string>", sourceLine = Pos 95, sourceColumn = Pos 17}, spanEnd = SourcePos {sourceName = "<string>", sourceLine = Pos 95, sourceColumn = Pos 27}},UnexpectedType {expected = NAttrSet (fromList []), got = NBrujin (DeBrujin 0 0)}),(SrcSpan {spanBegin = SourcePos {sourceName = "<string>", sourceLine = Pos 95, sourceColumn = Pos 12}, spanEnd = SourcePos {sourceName = "<string>", sourceLine = Pos 95, sourceColumn = Pos 16}},UndefinedVariable "mkIf"),(SrcSpan {spanBegin = SourcePos {sourceName = "<string>", sourceLine = Pos 80, sourceColumn = Pos 16}, spanEnd = SourcePos {sourceName = "<string>", sourceLine = Pos 80, sourceColumn = Pos 25}},KeyNotPresent "str"),(SrcSpan {spanBegin = SourcePos {sourceName = "<string>", sourceLine = Pos 80, sourceColumn = Pos 16}, spanEnd = SourcePos {sourceName = "<string>", sourceLine = Pos 80, sourceColumn = Pos 25}},UnexpectedType {expected = NAttrSet (fromList []), got = NTypeVariable 59}),(SrcSpan {spanBegin = SourcePos {sourceName = "<string>", sourceLine = Pos 80, sourceColumn = Pos 16}, spanEnd = SourcePos {sourceName = "<string>", sourceLine = Pos 80, sourceColumn = Pos 21}},UndefinedVariable "types"),(SrcSpan {spanBegin = SourcePos {sourceName = "<string>", sourceLine = Pos 79, sourceColumn = Pos 23}, spanEnd = SourcePos {sourceName = "<string>", sourceLine = Pos 79, sourceColumn = Pos 31}},UndefinedVariable "mkOption"),(SrcSpan {spanBegin = SourcePos {sourceName = "<string>", sourceLine = Pos 74, sourceColumn = Pos 29}, spanEnd = SourcePos {sourceName = "<string>", sourceLine = Pos 74, sourceColumn = Pos 38}},KeyNotPresent "str"),(SrcSpan {spanBegin = SourcePos {sourceName = "<string>", sourceLine = Pos 74, sourceColumn = Pos 29}, spanEnd = SourcePos {sourceName = "<string>", sourceLine = Pos 74, sourceColumn = Pos 38}},UnexpectedType {expected = NAttrSet (fromList []), got = NTypeVariable 53}),(SrcSpan {spanBegin = SourcePos {sourceName = "<string>", sourceLine = Pos 74, sourceColumn = Pos 29}, spanEnd = SourcePos {sourceName = "<string>", sourceLine = Pos 74, sourceColumn = Pos 34}},UndefinedVariable "types"),(SrcSpan {spanBegin = SourcePos {sourceName = "<string>", sourceLine = Pos 74, sourceColumn = Pos 16}, spanEnd = SourcePos {sourceName = "<string>", sourceLine = Pos 74, sourceColumn = Pos 28}},KeyNotPresent "listOf"),(SrcSpan {spanBegin = SourcePos {sourceName = "<string>", sourceLine = Pos 74, sourceColumn = Pos 16}, spanEnd = SourcePos {sourceName = "<string>", sourceLine = Pos 74, sourceColumn = Pos 28}},UnexpectedType {expected = NAttrSet (fromList []), got = NTypeVariable 51}),(SrcSpan {spanBegin = SourcePos {sourceName = "<string>", sourceLine = Pos 74, sourceColumn = Pos 16}, spanEnd = SourcePos {sourceName = "<string>", sourceLine = Pos 74, sourceColumn = Pos 21}},UndefinedVariable "types"),(SrcSpan {spanBegin = SourcePos {sourceName = "<string>", sourceLine = Pos 73, sourceColumn = Pos 19}, spanEnd = SourcePos {sourceName = "<string>", sourceLine = Pos 73, sourceColumn = Pos 27}},UndefinedVariable "mkOption"),(SrcSpan {spanBegin = SourcePos {sourceName = "<string>", sourceLine = Pos 68, sourceColumn = Pos 16}, spanEnd = SourcePos {sourceName = "<string>", sourceLine = Pos 68, sourceColumn = Pos 25}},KeyNotPresent "str"),(SrcSpan {spanBegin = SourcePos {sourceName = "<string>", sourceLine = Pos 68, sourceColumn = Pos 16}, spanEnd = SourcePos {sourceName = "<string>", sourceLine = Pos 68, sourceColumn = Pos 25}},UnexpectedType {expected = NAttrSet (fromList []), got = NTypeVariable 47}),(SrcSpan {spanBegin = SourcePos {sourceName = "<string>", sourceLine = Pos 68, sourceColumn = Pos 16}, spanEnd = SourcePos {sourceName = "<string>", sourceLine = Pos 68, sourceColumn = Pos 21}},UndefinedVariable "types"),(SrcSpan {spanBegin = SourcePos {sourceName = "<string>", sourceLine = Pos 67, sourceColumn = Pos 20}, spanEnd = SourcePos {sourceName = "<string>", sourceLine = Pos 67, sourceColumn = Pos 28}},UndefinedVariable "mkOption"),(SrcSpan {spanBegin = SourcePos {sourceName = "<string>", sourceLine = Pos 62, sourceColumn = Pos 16}, spanEnd = SourcePos {sourceName = "<string>", sourceLine = Pos 62, sourceColumn = Pos 25}},KeyNotPresent "str"),(SrcSpan {spanBegin = SourcePos {sourceName = "<string>", sourceLine = Pos 62, sourceColumn = Pos 16}, spanEnd = SourcePos {sourceName = "<string>", sourceLine = Pos 62, sourceColumn = Pos 25}},UnexpectedType {expected = NAttrSet (fromList []), got = NTypeVariable 43}),(SrcSpan {spanBegin = SourcePos {sourceName = "<string>", sourceLine = Pos 62, sourceColumn = Pos 16}, spanEnd = SourcePos {sourceName = "<string>", sourceLine = Pos 62, sourceColumn = Pos 21}},UndefinedVariable "types"),(SrcSpan {spanBegin = SourcePos {sourceName = "<string>", sourceLine = Pos 61, sourceColumn = Pos 15}, spanEnd = SourcePos {sourceName = "<string>", sourceLine = Pos 61, sourceColumn = Pos 23}},UndefinedVariable "mkOption"),(SrcSpan {spanBegin = SourcePos {sourceName = "<string>", sourceLine = Pos 56, sourceColumn = Pos 16}, spanEnd = SourcePos {sourceName = "<string>", sourceLine = Pos 56, sourceColumn = Pos 25}},KeyNotPresent "str"),(SrcSpan {spanBegin = SourcePos {sourceName = "<string>", sourceLine = Pos 56, sourceColumn = Pos 16}, spanEnd = SourcePos {sourceName = "<string>", sourceLine = Pos 56, sourceColumn = Pos 25}},UnexpectedType {expected = NAttrSet (fromList []), got = NTypeVariable 39}),(SrcSpan {spanBegin = SourcePos {sourceName = "<string>", sourceLine = Pos 56, sourceColumn = Pos 16}, spanEnd = SourcePos {sourceName = "<string>", sourceLine = Pos 56, sourceColumn = Pos 21}},UndefinedVariable "types"),(SrcSpan {spanBegin = SourcePos {sourceName = "<string>", sourceLine = Pos 55, sourceColumn = Pos 14}, spanEnd = SourcePos {sourceName = "<string>", sourceLine = Pos 55, sourceColumn = Pos 22}},UndefinedVariable "mkOption"),(SrcSpan {spanBegin = SourcePos {sourceName = "<string>", sourceLine = Pos 50, sourceColumn = Pos 16}, spanEnd = SourcePos {sourceName = "<string>", sourceLine = Pos 50, sourceColumn = Pos 26}},KeyNotPresent "bool"),(SrcSpan {spanBegin = SourcePos {sourceName = "<string>", sourceLine = Pos 50, sourceColumn = Pos 16}, spanEnd = SourcePos {sourceName = "<string>", sourceLine = Pos 50, sourceColumn = Pos 26}},UnexpectedType {expected = NAttrSet (fromList []), got = NTypeVariable 35}),(SrcSpan {spanBegin = SourcePos {sourceName = "<string>", sourceLine = Pos 50, sourceColumn = Pos 16}, spanEnd = SourcePos {sourceName = "<string>", sourceLine = Pos 50, sourceColumn = Pos 21}},UndefinedVariable "types"),(SrcSpan {spanBegin = SourcePos {sourceName = "<string>", sourceLine = Pos 49, sourceColumn = Pos 16}, spanEnd = SourcePos {sourceName = "<string>", sourceLine = Pos 49, sourceColumn = Pos 24}},UndefinedVariable "mkOption"),(SrcSpan {spanBegin = SourcePos {sourceName = "<string>", sourceLine = Pos 22, sourceColumn = Pos 18}, spanEnd = SourcePos {sourceName = "<string>", sourceLine = Pos 22, sourceColumn = Pos 25}},UndefinedVariable "listCtl"),(SrcSpan {spanBegin = SourcePos {sourceName = "<string>", sourceLine = Pos 9, sourceColumn = Pos 9}, spanEnd = SourcePos {sourceName = "<string>", sourceLine = Pos 9, sourceColumn = Pos 30}},KeyNotPresent "services"),(SrcSpan {spanBegin = SourcePos {sourceName = "<string>", sourceLine = Pos 9, sourceColumn = Pos 9}, spanEnd = SourcePos {sourceName = "<string>", sourceLine = Pos 9, sourceColumn = Pos 30}},UnexpectedType {expected = NAttrSet (fromList []), got = NTypeVariable 0}),(SrcSpan {spanBegin = SourcePos {sourceName = "<string>", sourceLine = Pos 7, sourceColumn = Pos 53}, spanEnd = SourcePos {sourceName = "<string>", sourceLine = Pos 7, sourceColumn = Pos 56}},UndefinedVariable "map"),(SrcSpan {spanBegin = SourcePos {sourceName = "<string>", sourceLine = Pos 7, sourceColumn = Pos 26}, spanEnd = SourcePos {sourceName = "<string>", sourceLine = Pos 7, sourceColumn = Pos 46}},KeyNotPresent "concatStringsSep"),(SrcSpan {spanBegin = SourcePos {sourceName = "<string>", sourceLine = Pos 7, sourceColumn = Pos 26}, spanEnd = SourcePos {sourceName = "<string>", sourceLine = Pos 7, sourceColumn = Pos 46}},UnexpectedType {expected = NAttrSet (fromList []), got = NTypeVariable 1}),(SrcSpan {spanBegin = SourcePos {sourceName = "<string>", sourceLine = Pos 3, sourceColumn = Pos 1}, spanEnd = SourcePos {sourceName = "<string>", sourceLine = Pos 155, sourceColumn = Pos 1}},UnexpectedType {expected = NAttrSet (fromList []), got = NTypeVariable 1})]
[CanNotUnify (NBrujin (DeBrujin 1 0)) (NTypeVariable 68 :-> NTypeVariable 69),CanNotUnify (NBrujin (DeBrujin 2 0) :-> NBrujin (DeBrujin 2 1)) (NBrujin (DeBrujin 1 0)),CanNotUnify (NAtomic String) (NTypeVariable 4 :-> NTypeVariable 10)]
∀ ε ζ η. { config = ε; lib = ζ; pkgs = η } -> { config = { environment = { systemPackages = ∀ δ. [δ] }; services = { postfix = { enable = Bool; extraAliases = ∀ γ. γ; extraConfig = String; extraMasterConf = String; recipientDelimiter = String } }; system = { activationScripts = { mlmmj = String } }; systemd = { services = { mlmmj-maintd = { description = String; serviceConfig = { ExecStart = String; Group = ∀ α. α; User = ∀ α. α } } }; timers = { mlmmj-maintd = { description = String; timerConfig = { OnUnitActiveSec = ∀ α. α }; wantedBy = [String] } } } }; options = { services = { mlmmj = { enable = { default = Bool; description = String; type = ∀ β. β }; group = { default = String; description = String; type = ∀ β. β }; listDomain = { default = String; description = String; type = ∀ β. β }; mailLists = { default = ∀ β. β; description = String; type = ∀ β. β }; maintInterval = { default = String; description = String; type = ∀ β. β }; user = { default = String; description = String; type = ∀ β. β } } } } }