∀ γ δ ε. { config = γ; lib = δ; pkgs = ε } -> { config = { environment = { systemPackages = ∀ β. [β] }; systemd = { services = { mstpd = { description = String; serviceConfig = { ExecStart = String; PIDFile = String; Type = String }; unitConfig = { ConditionCapability = String }; wantedBy = [String] } } } }; options = { services = { mstpd = { enable = { default = Bool; description = String; type = ∀ α. α } } } } }