{ services = { xserver = { windowManager = { session = [{ name = String; start = String }] } } } }