∀ α β γ δ ε ζ η θ ι κ λ μ ν ξ ο π ρ.
( α.config = β,
  α.lib = γ,
  α.pkgs = δ,
  β.ids = ε,
  β.services = ζ,
  γ.mkIf =
    η ->
    { systemd =
        { services =
            { oidentd =
                { after = [String];
                  script = String;
                  serviceConfig = {Type = String;};
                  wantedBy = [String];
                };
            };
        };
      users =
        { groups = {oidentd = {gid = θ;};};
          users = {oidentd = {description = String; group = String; uid = ι;};};
        };
    } ->
    κ,
  γ.mkOption = {default = Bool; description = String; type = λ;} -> μ,
  γ.types = ν,
  ζ.oidentd = ξ,
  ξ.enable = η,
  ε.gids = ο,
  ο.oidentd = θ,
  π.uids = ρ,
  ρ.oidentd = ι,
  ν.bool = λ
) =>
α -> {config = κ; options = {services = {oidentd = {enable = μ;};};};}