∀ α β γ δ. { bluez-qt = α; ddcutil = α; extra-cmake-modules = β; fetchpatch = { sha256 = String; url = String } -> γ; kactivities = α; kauth = α; kconfig = α; kdbusaddons = α; kdelibs4support = α; kdoctools = β; kglobalaccel = α; ki18n = α; kidletime = α; kio = α; knotifyconfig = α; kwayland = α; libkscreen = α; mkDerivation = { buildInputs = [α]; cmakeFlags = [String]; name = String; nativeBuildInputs = [β]; patches = [{ sha256 = String; url = String }] } -> δ; networkmanager-qt = α; plasma-workspace = α; qtx11extras = α; solid = α; udev = α } -> { buildInputs = [α]; cmakeFlags = [String]; name = String; nativeBuildInputs = [β]; patches = [{ sha256 = String; url = String }] }