[(SrcSpan {spanBegin = SourcePos {sourceName = "<string>", sourceLine = Pos 70, sourceColumn = Pos 17}, spanEnd = SourcePos {sourceName = "<string>", sourceLine = Pos 70, sourceColumn = Pos 27}},KeyNotPresent "enable"),(SrcSpan {spanBegin = SourcePos {sourceName = "<string>", sourceLine = Pos 70, sourceColumn = Pos 17}, spanEnd = SourcePos {sourceName = "<string>", sourceLine = Pos 70, sourceColumn = Pos 27}},UnexpectedType {expected = NAttrSet (fromList []), got = NBrujin (DeBrujin 0 0)}),(SrcSpan {spanBegin = SourcePos {sourceName = "<string>", sourceLine = Pos 70, sourceColumn = Pos 12}, spanEnd = SourcePos {sourceName = "<string>", sourceLine = Pos 70, sourceColumn = Pos 16}},UndefinedVariable "mkIf"),(SrcSpan {spanBegin = SourcePos {sourceName = "<string>", sourceLine = Pos 52, sourceColumn = Pos 19}, spanEnd = SourcePos {sourceName = "<string>", sourceLine = Pos 52, sourceColumn = Pos 33}},UndefinedVariable "literalExample"),(SrcSpan {spanBegin = SourcePos {sourceName = "<string>", sourceLine = Pos 50, sourceColumn = Pos 16}, spanEnd = SourcePos {sourceName = "<string>", sourceLine = Pos 50, sourceColumn = Pos 27}},KeyNotPresent "lines"),(SrcSpan {spanBegin = SourcePos {sourceName = "<string>", sourceLine = Pos 50, sourceColumn = Pos 16}, spanEnd = SourcePos {sourceName = "<string>", sourceLine = Pos 50, sourceColumn = Pos 27}},UnexpectedType {expected = NAttrSet (fromList []), got = NTypeVariable 18}),(SrcSpan {spanBegin = SourcePos {sourceName = "<string>", sourceLine = Pos 50, sourceColumn = Pos 16}, spanEnd = SourcePos {sourceName = "<string>", sourceLine = Pos 50, sourceColumn = Pos 21}},UndefinedVariable "types"),(SrcSpan {spanBegin = SourcePos {sourceName = "<string>", sourceLine = Pos 49, sourceColumn = Pos 27}, spanEnd = SourcePos {sourceName = "<string>", sourceLine = Pos 49, sourceColumn = Pos 35}},UndefinedVariable "mkOption"),(SrcSpan {spanBegin = SourcePos {sourceName = "<string>", sourceLine = Pos 38, sourceColumn = Pos 19}, spanEnd = SourcePos {sourceName = "<string>", sourceLine = Pos 38, sourceColumn = Pos 33}},UndefinedVariable "literalExample"),(SrcSpan {spanBegin = SourcePos {sourceName = "<string>", sourceLine = Pos 36, sourceColumn = Pos 16}, spanEnd = SourcePos {sourceName = "<string>", sourceLine = Pos 36, sourceColumn = Pos 27}},KeyNotPresent "lines"),(SrcSpan {spanBegin = SourcePos {sourceName = "<string>", sourceLine = Pos 36, sourceColumn = Pos 16}, spanEnd = SourcePos {sourceName = "<string>", sourceLine = Pos 36, sourceColumn = Pos 27}},UnexpectedType {expected = NAttrSet (fromList []), got = NTypeVariable 12}),(SrcSpan {spanBegin = SourcePos {sourceName = "<string>", sourceLine = Pos 36, sourceColumn = Pos 16}, spanEnd = SourcePos {sourceName = "<string>", sourceLine = Pos 36, sourceColumn = Pos 21}},UndefinedVariable "types"),(SrcSpan {spanBegin = SourcePos {sourceName = "<string>", sourceLine = Pos 35, sourceColumn = Pos 25}, spanEnd = SourcePos {sourceName = "<string>", sourceLine = Pos 35, sourceColumn = Pos 33}},UndefinedVariable "mkOption"),(SrcSpan {spanBegin = SourcePos {sourceName = "<string>", sourceLine = Pos 30, sourceColumn = Pos 16}, spanEnd = SourcePos {sourceName = "<string>", sourceLine = Pos 30, sourceColumn = Pos 27}},KeyNotPresent "lines"),(SrcSpan {spanBegin = SourcePos {sourceName = "<string>", sourceLine = Pos 30, sourceColumn = Pos 16}, spanEnd = SourcePos {sourceName = "<string>", sourceLine = Pos 30, sourceColumn = Pos 27}},UnexpectedType {expected = NAttrSet (fromList []), got = NTypeVariable 8}),(SrcSpan {spanBegin = SourcePos {sourceName = "<string>", sourceLine = Pos 30, sourceColumn = Pos 16}, spanEnd = SourcePos {sourceName = "<string>", sourceLine = Pos 30, sourceColumn = Pos 21}},UndefinedVariable "types"),(SrcSpan {spanBegin = SourcePos {sourceName = "<string>", sourceLine = Pos 29, sourceColumn = Pos 24}, spanEnd = SourcePos {sourceName = "<string>", sourceLine = Pos 29, sourceColumn = Pos 32}},UndefinedVariable "mkOption"),(SrcSpan {spanBegin = SourcePos {sourceName = "<string>", sourceLine = Pos 20, sourceColumn = Pos 16}, spanEnd = SourcePos {sourceName = "<string>", sourceLine = Pos 20, sourceColumn = Pos 26}},KeyNotPresent "bool"),(SrcSpan {spanBegin = SourcePos {sourceName = "<string>", sourceLine = Pos 20, sourceColumn = Pos 16}, spanEnd = SourcePos {sourceName = "<string>", sourceLine = Pos 20, sourceColumn = Pos 26}},UnexpectedType {expected = NAttrSet (fromList []), got = NTypeVariable 4}),(SrcSpan {spanBegin = SourcePos {sourceName = "<string>", sourceLine = Pos 20, sourceColumn = Pos 16}, spanEnd = SourcePos {sourceName = "<string>", sourceLine = Pos 20, sourceColumn = Pos 21}},UndefinedVariable "types"),(SrcSpan {spanBegin = SourcePos {sourceName = "<string>", sourceLine = Pos 19, sourceColumn = Pos 16}, spanEnd = SourcePos {sourceName = "<string>", sourceLine = Pos 19, sourceColumn = Pos 24}},UndefinedVariable "mkOption"),(SrcSpan {spanBegin = SourcePos {sourceName = "<string>", sourceLine = Pos 7, sourceColumn = Pos 9}, spanEnd = SourcePos {sourceName = "<string>", sourceLine = Pos 7, sourceColumn = Pos 31}},KeyNotPresent "powerManagement"),(SrcSpan {spanBegin = SourcePos {sourceName = "<string>", sourceLine = Pos 7, sourceColumn = Pos 9}, spanEnd = SourcePos {sourceName = "<string>", sourceLine = Pos 7, sourceColumn = Pos 31}},UnexpectedType {expected = NAttrSet (fromList []), got = NTypeVariable 0}),(SrcSpan {spanBegin = SourcePos {sourceName = "<string>", sourceLine = Pos 3, sourceColumn = Pos 1}, spanEnd = SourcePos {sourceName = "<string>", sourceLine = Pos 107, sourceColumn = Pos 1}},UnexpectedType {expected = NAttrSet (fromList []), got = NTypeVariable 1})]
[]
âˆ€ Î² Î³. { config = Î²; lib = Î³ } -> { config = { systemd = { services = { post-resume = { after = [String]; description = String; script = String; serviceConfig = { Type = String } }; pre-sleep = { before = [String]; description = String; script = String; serviceConfig = { Type = String }; wantedBy = [String] } }; targets = { post-resume = { after = [String]; description = String; requires = [String]; unitConfig = { StopWhenUnneeded = Bool }; wantedBy = [String] } } } }; options = { powerManagement = { enable = { default = Bool; description = String; type = âˆ€ Î±. Î± }; powerDownCommands = { default = String; description = String; example = String; type = âˆ€ Î±. Î± }; powerUpCommands = { default = String; description = String; example = String; type = âˆ€ Î±. Î± }; resumeCommands = { default = String; description = String; type = âˆ€ Î±. Î± } } } }