∀ β γ δ ε ζ η θ ι κ λ μ ν ξ ο π ρ σ τ.
( β.config = γ,
  β.lib = δ,
  β.pkgs = ε,
  γ.networking = ζ,
  δ.map = (η -> String) -> θ -> ι,
  δ.mkEnableOption = String -> κ,
  δ.mkIf =
    λ ->
    { systemd =
        { services =
            { rxe =
                { after = [String];
                  description = String;
                  serviceConfig =
                    { ExecStart = ι;
                      ExecStop = μ;
                      RemainAfterExit = Bool;
                      Type = String;
                    };
                  wantedBy = [String];
                  wants = [String];
                };
            };
        };
    } ->
    ν,
  δ.mkOption =
    {default = ∀ α. [α]; description = String; example = [String]; type = ξ;} ->
    ο,
  δ.types = π,
  ζ.rxe = ρ,
  ρ.enable = λ,
  ρ.interfaces = θ,
  π.listOf = σ -> ξ,
  τ.str = σ
) =>
β ->
{config = ν; options = {networking = {rxe = {enable = κ; interfaces = ο;};};};}