∀ γ δ ε. { config = γ; lib = δ; pkgs = ε } -> { config = { environment = { etc = { mail/spamassassin/init.pre = { source = ∀ α. α }; mail/spamassassin/local.cf = { source = ∀ α. α } }; systemPackages = ∀ β. [β] }; systemd = { services = { sa-update = { script = String }; spamd = { after = [String]; description = String; preStart = String; serviceConfig = { ExecReload = String; ExecStart = String }; wantedBy = [String] } }; timers = { sa-update = { description = String; partOf = [String]; timerConfig = { OnCalendar = String; Persistent = Bool }; wantedBy = [String] } } }; users = { groups = { spamd = { gid = ∀ α. α } }; users = { spamd = { description = String; group = String; uid = ∀ α. α } } } }; options = { services = { spamassassin = { config = { default = String; description = String; example = String; type = ∀ α. α }; debug = { default = Bool; description = String; type = ∀ α. α }; enable = String; initPreConf = { apply = Bool -> Bool; default = String; description = String; type = ∀ α. α } } } } }