[(SrcSpan {spanBegin = SourcePos {sourceName = "<string>", sourceLine = Pos 92, sourceColumn = Pos 18}, spanEnd = SourcePos {sourceName = "<string>", sourceLine = Pos 92, sourceColumn = Pos 30}},KeyNotPresent "synergy"),(SrcSpan {spanBegin = SourcePos {sourceName = "<string>", sourceLine = Pos 92, sourceColumn = Pos 18}, spanEnd = SourcePos {sourceName = "<string>", sourceLine = Pos 92, sourceColumn = Pos 30}},UnexpectedType {expected = NAttrSet (fromList []), got = NTypeVariable 2}),(SrcSpan {spanBegin = SourcePos {sourceName = "<string>", sourceLine = Pos 91, sourceColumn = Pos 29}, spanEnd = SourcePos {sourceName = "<string>", sourceLine = Pos 91, sourceColumn = Pos 43}},KeyNotPresent "autoStart"),(SrcSpan {spanBegin = SourcePos {sourceName = "<string>", sourceLine = Pos 91, sourceColumn = Pos 29}, spanEnd = SourcePos {sourceName = "<string>", sourceLine = Pos 91, sourceColumn = Pos 43}},UnexpectedType {expected = NAttrSet (fromList []), got = NBrujin (DeBrujin 0 0)}),(SrcSpan {spanBegin = SourcePos {sourceName = "<string>", sourceLine = Pos 91, sourceColumn = Pos 20}, spanEnd = SourcePos {sourceName = "<string>", sourceLine = Pos 91, sourceColumn = Pos 28}},UndefinedVariable "optional"),(SrcSpan {spanBegin = SourcePos {sourceName = "<string>", sourceLine = Pos 87, sourceColumn = Pos 11}, spanEnd = SourcePos {sourceName = "<string>", sourceLine = Pos 87, sourceColumn = Pos 22}},KeyNotPresent "enable"),(SrcSpan {spanBegin = SourcePos {sourceName = "<string>", sourceLine = Pos 87, sourceColumn = Pos 11}, spanEnd = SourcePos {sourceName = "<string>", sourceLine = Pos 87, sourceColumn = Pos 22}},UnexpectedType {expected = NAttrSet (fromList []), got = NBrujin (DeBrujin 0 0)}),(SrcSpan {spanBegin = SourcePos {sourceName = "<string>", sourceLine = Pos 87, sourceColumn = Pos 6}, spanEnd = SourcePos {sourceName = "<string>", sourceLine = Pos 87, sourceColumn = Pos 10}},UndefinedVariable "mkIf"),(SrcSpan {spanBegin = SourcePos {sourceName = "<string>", sourceLine = Pos 82, sourceColumn = Pos 18}, spanEnd = SourcePos {sourceName = "<string>", sourceLine = Pos 82, sourceColumn = Pos 30}},KeyNotPresent "synergy"),(SrcSpan {spanBegin = SourcePos {sourceName = "<string>", sourceLine = Pos 82, sourceColumn = Pos 18}, spanEnd = SourcePos {sourceName = "<string>", sourceLine = Pos 82, sourceColumn = Pos 30}},UnexpectedType {expected = NAttrSet (fromList []), got = NTypeVariable 2}),(SrcSpan {spanBegin = SourcePos {sourceName = "<string>", sourceLine = Pos 81, sourceColumn = Pos 29}, spanEnd = SourcePos {sourceName = "<string>", sourceLine = Pos 81, sourceColumn = Pos 43}},KeyNotPresent "autoStart"),(SrcSpan {spanBegin = SourcePos {sourceName = "<string>", sourceLine = Pos 81, sourceColumn = Pos 29}, spanEnd = SourcePos {sourceName = "<string>", sourceLine = Pos 81, sourceColumn = Pos 43}},UnexpectedType {expected = NAttrSet (fromList []), got = NBrujin (DeBrujin 0 0)}),(SrcSpan {spanBegin = SourcePos {sourceName = "<string>", sourceLine = Pos 81, sourceColumn = Pos 20}, spanEnd = SourcePos {sourceName = "<string>", sourceLine = Pos 81, sourceColumn = Pos 28}},UndefinedVariable "optional"),(SrcSpan {spanBegin = SourcePos {sourceName = "<string>", sourceLine = Pos 77, sourceColumn = Pos 11}, spanEnd = SourcePos {sourceName = "<string>", sourceLine = Pos 77, sourceColumn = Pos 22}},KeyNotPresent "enable"),(SrcSpan {spanBegin = SourcePos {sourceName = "<string>", sourceLine = Pos 77, sourceColumn = Pos 11}, spanEnd = SourcePos {sourceName = "<string>", sourceLine = Pos 77, sourceColumn = Pos 22}},UnexpectedType {expected = NAttrSet (fromList []), got = NBrujin (DeBrujin 0 0)}),(SrcSpan {spanBegin = SourcePos {sourceName = "<string>", sourceLine = Pos 77, sourceColumn = Pos 6}, spanEnd = SourcePos {sourceName = "<string>", sourceLine = Pos 77, sourceColumn = Pos 10}},UndefinedVariable "mkIf"),(SrcSpan {spanBegin = SourcePos {sourceName = "<string>", sourceLine = Pos 76, sourceColumn = Pos 12}, spanEnd = SourcePos {sourceName = "<string>", sourceLine = Pos 76, sourceColumn = Pos 19}},UndefinedVariable "mkMerge"),(SrcSpan {spanBegin = SourcePos {sourceName = "<string>", sourceLine = Pos 65, sourceColumn = Pos 18}, spanEnd = SourcePos {sourceName = "<string>", sourceLine = Pos 65, sourceColumn = Pos 28}},KeyNotPresent "bool"),(SrcSpan {spanBegin = SourcePos {sourceName = "<string>", sourceLine = Pos 65, sourceColumn = Pos 18}, spanEnd = SourcePos {sourceName = "<string>", sourceLine = Pos 65, sourceColumn = Pos 28}},UnexpectedType {expected = NAttrSet (fromList []), got = NTypeVariable 24}),(SrcSpan {spanBegin = SourcePos {sourceName = "<string>", sourceLine = Pos 65, sourceColumn = Pos 18}, spanEnd = SourcePos {sourceName = "<string>", sourceLine = Pos 65, sourceColumn = Pos 23}},UndefinedVariable "types"),(SrcSpan {spanBegin = SourcePos {sourceName = "<string>", sourceLine = Pos 63, sourceColumn = Pos 21}, spanEnd = SourcePos {sourceName = "<string>", sourceLine = Pos 63, sourceColumn = Pos 29}},UndefinedVariable "mkOption"),(SrcSpan {spanBegin = SourcePos {sourceName = "<string>", sourceLine = Pos 59, sourceColumn = Pos 19}, spanEnd = SourcePos {sourceName = "<string>", sourceLine = Pos 59, sourceColumn = Pos 27}},UndefinedVariable "mkOption"),(SrcSpan {spanBegin = SourcePos {sourceName = "<string>", sourceLine = Pos 52, sourceColumn = Pos 22}, spanEnd = SourcePos {sourceName = "<string>", sourceLine = Pos 52, sourceColumn = Pos 30}},UndefinedVariable "mkOption"),(SrcSpan {spanBegin = SourcePos {sourceName = "<string>", sourceLine = Pos 48, sourceColumn = Pos 22}, spanEnd = SourcePos {sourceName = "<string>", sourceLine = Pos 48, sourceColumn = Pos 30}},UndefinedVariable "mkOption"),(SrcSpan {spanBegin = SourcePos {sourceName = "<string>", sourceLine = Pos 46, sourceColumn = Pos 18}, spanEnd = SourcePos {sourceName = "<string>", sourceLine = Pos 46, sourceColumn = Pos 32}},UndefinedVariable "mkEnableOption"),(SrcSpan {spanBegin = SourcePos {sourceName = "<string>", sourceLine = Pos 40, sourceColumn = Pos 18}, spanEnd = SourcePos {sourceName = "<string>", sourceLine = Pos 40, sourceColumn = Pos 28}},KeyNotPresent "bool"),(SrcSpan {spanBegin = SourcePos {sourceName = "<string>", sourceLine = Pos 40, sourceColumn = Pos 18}, spanEnd = SourcePos {sourceName = "<string>", sourceLine = Pos 40, sourceColumn = Pos 28}},UnexpectedType {expected = NAttrSet (fromList []), got = NTypeVariable 12}),(SrcSpan {spanBegin = SourcePos {sourceName = "<string>", sourceLine = Pos 40, sourceColumn = Pos 18}, spanEnd = SourcePos {sourceName = "<string>", sourceLine = Pos 40, sourceColumn = Pos 23}},UndefinedVariable "types"),(SrcSpan {spanBegin = SourcePos {sourceName = "<string>", sourceLine = Pos 38, sourceColumn = Pos 21}, spanEnd = SourcePos {sourceName = "<string>", sourceLine = Pos 38, sourceColumn = Pos 29}},UndefinedVariable "mkOption"),(SrcSpan {spanBegin = SourcePos {sourceName = "<string>", sourceLine = Pos 31, sourceColumn = Pos 25}, spanEnd = SourcePos {sourceName = "<string>", sourceLine = Pos 31, sourceColumn = Pos 33}},UndefinedVariable "mkOption"),(SrcSpan {spanBegin = SourcePos {sourceName = "<string>", sourceLine = Pos 24, sourceColumn = Pos 22}, spanEnd = SourcePos {sourceName = "<string>", sourceLine = Pos 24, sourceColumn = Pos 30}},UndefinedVariable "mkOption"),(SrcSpan {spanBegin = SourcePos {sourceName = "<string>", sourceLine = Pos 22, sourceColumn = Pos 18}, spanEnd = SourcePos {sourceName = "<string>", sourceLine = Pos 22, sourceColumn = Pos 32}},UndefinedVariable "mkEnableOption"),(SrcSpan {spanBegin = SourcePos {sourceName = "<string>", sourceLine = Pos 8, sourceColumn = Pos 10}, spanEnd = SourcePos {sourceName = "<string>", sourceLine = Pos 8, sourceColumn = Pos 40}},KeyNotPresent "services"),(SrcSpan {spanBegin = SourcePos {sourceName = "<string>", sourceLine = Pos 8, sourceColumn = Pos 10}, spanEnd = SourcePos {sourceName = "<string>", sourceLine = Pos 8, sourceColumn = Pos 40}},UnexpectedType {expected = NAttrSet (fromList []), got = NTypeVariable 0}),(SrcSpan {spanBegin = SourcePos {sourceName = "<string>", sourceLine = Pos 7, sourceColumn = Pos 10}, spanEnd = SourcePos {sourceName = "<string>", sourceLine = Pos 7, sourceColumn = Pos 40}},KeyNotPresent "services"),(SrcSpan {spanBegin = SourcePos {sourceName = "<string>", sourceLine = Pos 7, sourceColumn = Pos 10}, spanEnd = SourcePos {sourceName = "<string>", sourceLine = Pos 7, sourceColumn = Pos 40}},UnexpectedType {expected = NAttrSet (fromList []), got = NTypeVariable 0}),(SrcSpan {spanBegin = SourcePos {sourceName = "<string>", sourceLine = Pos 3, sourceColumn = Pos 1}, spanEnd = SourcePos {sourceName = "<string>", sourceLine = Pos 125, sourceColumn = Pos 1}},UnexpectedType {expected = NAttrSet (fromList []), got = NTypeVariable 1})]
[]
âˆ€ Î³ Î´ Îµ. { config = Î³; lib = Î´; pkgs = Îµ } -> { config = [{ systemd = { user = { services = { synergy-client = { after = [String]; description = String; path = âˆ€ Î±. [Î±]; serviceConfig = { ExecStart = String; Restart = String }; wantedBy = String } } } } }]; options = { services = { synergy = { client = { autoStart = { default = Bool; description = String; type = âˆ€ Î². Î² }; enable = String; screenName = { default = String; description = String }; serverAddress = { description = String } }; server = { address = { default = String; description = String }; autoStart = { default = Bool; description = String; type = âˆ€ Î². Î² }; configFile = { default = String; description = String }; enable = String; screenName = { default = String; description = String } } } } } }