∀ γ δ ε. { config = γ; lib = δ; pkgs = ε } -> { config = { environment = { systemPackages = ∀ β. [β] }; systemd = { services = { tcsd = { after = [String]; description = String; path = ∀ α. [α]; preStart = String; serviceConfig = { ExecStart = String }; wantedBy = [String] } } }; users = { groups = { tss = { gid = ∀ α. α } }; users = { tss = { group = String; uid = ∀ α. α } } } }; options = { services = { tcsd = { conformanceCred = { default = String; description = String; type = ∀ α. α }; enable = { default = Bool; description = String; type = ∀ α. α }; endorsementCred = { default = String; description = String; type = ∀ α. α }; firmwarePCRs = { default = String; description = String; type = ∀ α. α }; group = { default = String; description = String; type = ∀ α. α }; kernelPCRs = { default = String; description = String; type = ∀ α. α }; platformCred = { default = String; description = String; type = ∀ α. α }; stateDir = { default = String; description = String; type = ∀ α. α }; user = { default = String; description = String; type = ∀ α. α } } } } }