[(SrcSpan {spanBegin = SourcePos {sourceName = "<string>", sourceLine = Pos 50, sourceColumn = Pos 92}, spanEnd = SourcePos {sourceName = "<string>", sourceLine = Pos 50, sourceColumn = Pos 103}},KeyNotPresent "portMap"),(SrcSpan {spanBegin = SourcePos {sourceName = "<string>", sourceLine = Pos 50, sourceColumn = Pos 92}, spanEnd = SourcePos {sourceName = "<string>", sourceLine = Pos 50, sourceColumn = Pos 103}},UnexpectedType {expected = NAttrSet (fromList []), got = NBrujin (DeBrujin 0 0)}),(SrcSpan {spanBegin = SourcePos {sourceName = "<string>", sourceLine = Pos 50, sourceColumn = Pos 15}, spanEnd = SourcePos {sourceName = "<string>", sourceLine = Pos 50, sourceColumn = Pos 29}},UndefinedVariable "mapAttrsToList"),(SrcSpan {spanBegin = SourcePos {sourceName = "<string>", sourceLine = Pos 36, sourceColumn = Pos 17}, spanEnd = SourcePos {sourceName = "<string>", sourceLine = Pos 36, sourceColumn = Pos 27}},KeyNotPresent "enable"),(SrcSpan {spanBegin = SourcePos {sourceName = "<string>", sourceLine = Pos 36, sourceColumn = Pos 17}, spanEnd = SourcePos {sourceName = "<string>", sourceLine = Pos 36, sourceColumn = Pos 27}},UnexpectedType {expected = NAttrSet (fromList []), got = NBrujin (DeBrujin 0 0)}),(SrcSpan {spanBegin = SourcePos {sourceName = "<string>", sourceLine = Pos 36, sourceColumn = Pos 12}, spanEnd = SourcePos {sourceName = "<string>", sourceLine = Pos 36, sourceColumn = Pos 16}},UndefinedVariable "mkIf"),(SrcSpan {spanBegin = SourcePos {sourceName = "<string>", sourceLine = Pos 31, sourceColumn = Pos 30}, spanEnd = SourcePos {sourceName = "<string>", sourceLine = Pos 31, sourceColumn = Pos 39}},KeyNotPresent "int"),(SrcSpan {spanBegin = SourcePos {sourceName = "<string>", sourceLine = Pos 31, sourceColumn = Pos 30}, spanEnd = SourcePos {sourceName = "<string>", sourceLine = Pos 31, sourceColumn = Pos 39}},UnexpectedType {expected = NAttrSet (fromList []), got = NTypeVariable 20}),(SrcSpan {spanBegin = SourcePos {sourceName = "<string>", sourceLine = Pos 31, sourceColumn = Pos 30}, spanEnd = SourcePos {sourceName = "<string>", sourceLine = Pos 31, sourceColumn = Pos 35}},UndefinedVariable "types"),(SrcSpan {spanBegin = SourcePos {sourceName = "<string>", sourceLine = Pos 31, sourceColumn = Pos 16}, spanEnd = SourcePos {sourceName = "<string>", sourceLine = Pos 31, sourceColumn = Pos 29}},KeyNotPresent "attrsOf"),(SrcSpan {spanBegin = SourcePos {sourceName = "<string>", sourceLine = Pos 31, sourceColumn = Pos 16}, spanEnd = SourcePos {sourceName = "<string>", sourceLine = Pos 31, sourceColumn = Pos 29}},UnexpectedType {expected = NAttrSet (fromList []), got = NTypeVariable 18}),(SrcSpan {spanBegin = SourcePos {sourceName = "<string>", sourceLine = Pos 31, sourceColumn = Pos 16}, spanEnd = SourcePos {sourceName = "<string>", sourceLine = Pos 31, sourceColumn = Pos 21}},UndefinedVariable "types"),(SrcSpan {spanBegin = SourcePos {sourceName = "<string>", sourceLine = Pos 28, sourceColumn = Pos 17}, spanEnd = SourcePos {sourceName = "<string>", sourceLine = Pos 28, sourceColumn = Pos 25}},UndefinedVariable "mkOption"),(SrcSpan {spanBegin = SourcePos {sourceName = "<string>", sourceLine = Pos 25, sourceColumn = Pos 16}, spanEnd = SourcePos {sourceName = "<string>", sourceLine = Pos 25, sourceColumn = Pos 26}},KeyNotPresent "path"),(SrcSpan {spanBegin = SourcePos {sourceName = "<string>", sourceLine = Pos 25, sourceColumn = Pos 16}, spanEnd = SourcePos {sourceName = "<string>", sourceLine = Pos 25, sourceColumn = Pos 26}},UnexpectedType {expected = NAttrSet (fromList []), got = NTypeVariable 14}),(SrcSpan {spanBegin = SourcePos {sourceName = "<string>", sourceLine = Pos 25, sourceColumn = Pos 16}, spanEnd = SourcePos {sourceName = "<string>", sourceLine = Pos 25, sourceColumn = Pos 21}},UndefinedVariable "types"),(SrcSpan {spanBegin = SourcePos {sourceName = "<string>", sourceLine = Pos 23, sourceColumn = Pos 19}, spanEnd = SourcePos {sourceName = "<string>", sourceLine = Pos 23, sourceColumn = Pos 30}},KeyNotPresent "sslCert"),(SrcSpan {spanBegin = SourcePos {sourceName = "<string>", sourceLine = Pos 23, sourceColumn = Pos 19}, spanEnd = SourcePos {sourceName = "<string>", sourceLine = Pos 23, sourceColumn = Pos 30}},UnexpectedType {expected = NAttrSet (fromList []), got = NBrujin (DeBrujin 0 0)}),(SrcSpan {spanBegin = SourcePos {sourceName = "<string>", sourceLine = Pos 21, sourceColumn = Pos 16}, spanEnd = SourcePos {sourceName = "<string>", sourceLine = Pos 21, sourceColumn = Pos 24}},UndefinedVariable "mkOption"),(SrcSpan {spanBegin = SourcePos {sourceName = "<string>", sourceLine = Pos 18, sourceColumn = Pos 16}, spanEnd = SourcePos {sourceName = "<string>", sourceLine = Pos 18, sourceColumn = Pos 26}},KeyNotPresent "path"),(SrcSpan {spanBegin = SourcePos {sourceName = "<string>", sourceLine = Pos 18, sourceColumn = Pos 16}, spanEnd = SourcePos {sourceName = "<string>", sourceLine = Pos 18, sourceColumn = Pos 26}},UnexpectedType {expected = NAttrSet (fromList []), got = NTypeVariable 9}),(SrcSpan {spanBegin = SourcePos {sourceName = "<string>", sourceLine = Pos 18, sourceColumn = Pos 16}, spanEnd = SourcePos {sourceName = "<string>", sourceLine = Pos 18, sourceColumn = Pos 21}},UndefinedVariable "types"),(SrcSpan {spanBegin = SourcePos {sourceName = "<string>", sourceLine = Pos 16, sourceColumn = Pos 17}, spanEnd = SourcePos {sourceName = "<string>", sourceLine = Pos 16, sourceColumn = Pos 25}},UndefinedVariable "mkOption"),(SrcSpan {spanBegin = SourcePos {sourceName = "<string>", sourceLine = Pos 13, sourceColumn = Pos 16}, spanEnd = SourcePos {sourceName = "<string>", sourceLine = Pos 13, sourceColumn = Pos 26}},KeyNotPresent "bool"),(SrcSpan {spanBegin = SourcePos {sourceName = "<string>", sourceLine = Pos 13, sourceColumn = Pos 16}, spanEnd = SourcePos {sourceName = "<string>", sourceLine = Pos 13, sourceColumn = Pos 26}},UnexpectedType {expected = NAttrSet (fromList []), got = NTypeVariable 5}),(SrcSpan {spanBegin = SourcePos {sourceName = "<string>", sourceLine = Pos 13, sourceColumn = Pos 16}, spanEnd = SourcePos {sourceName = "<string>", sourceLine = Pos 13, sourceColumn = Pos 21}},UndefinedVariable "types"),(SrcSpan {spanBegin = SourcePos {sourceName = "<string>", sourceLine = Pos 8, sourceColumn = Pos 16}, spanEnd = SourcePos {sourceName = "<string>", sourceLine = Pos 8, sourceColumn = Pos 24}},UndefinedVariable "mkOption"),(SrcSpan {spanBegin = SourcePos {sourceName = "<string>", sourceLine = Pos 5, sourceColumn = Pos 11}, spanEnd = SourcePos {sourceName = "<string>", sourceLine = Pos 5, sourceColumn = Pos 48}},KeyNotPresent "services"),(SrcSpan {spanBegin = SourcePos {sourceName = "<string>", sourceLine = Pos 5, sourceColumn = Pos 11}, spanEnd = SourcePos {sourceName = "<string>", sourceLine = Pos 5, sourceColumn = Pos 48}},UnexpectedType {expected = NAttrSet (fromList []), got = NTypeVariable 0}),(SrcSpan {spanBegin = SourcePos {sourceName = "<string>", sourceLine = Pos 3, sourceColumn = Pos 1}, spanEnd = SourcePos {sourceName = "<string>", sourceLine = Pos 55, sourceColumn = Pos 1}},UnexpectedType {expected = NAttrSet (fromList []), got = NTypeVariable 1})]
[]
âˆ€ Î³ Î´ Îµ. { config = Î³; lib = Î´; pkgs = Îµ } -> { config = { systemd = { services = { websockify@ = { description = String; script = String; scriptArgs = String } }; targets = { default-websockify = { description = String; unitConfig = { X-StopOnReconfiguration = Bool }; wantedBy = [String]; wants = âˆ€ Î². Î² } } } }; options = { services = { networking = { websockify = { enable = { default = Bool; description = String; type = âˆ€ Î±. Î± }; portMap = { default = {  }; description = String; type = âˆ€ Î±. Î± }; sslCert = { description = String; type = âˆ€ Î±. Î± }; sslKey = { default = âˆ€ Î±. Î±; defaultText = String; description = String; type = âˆ€ Î±. Î± } } } } } }