∀ α β γ δ ε ζ η θ ι κ λ μ ν ξ.
( α.lib = β,
  α.mkDerivation =
    { buildInputs = [Null];
      meta =
        { description = String;
          homepage = String;
          license = γ;
          maintainers = [δ];
          platforms = ε;
        };
      name = String;
      nativeBuildInputs = [ζ];
      preConfigure = String;
      src = η;
    } ->
    θ,
  β.licenses = ι,
  ι.gpl2Plus = γ,
  κ.maintainers = λ,
  λ.peti = δ,
  μ.platforms = ν,
  ν.linux = ε,
  ξ.optional = Bool -> Null -> [Null]
) =>
{ fetchurl = {sha256 = String; url = String;} -> η;
  gimp = Null;
  gimpSupport = Bool;
  gtk2 = Null;
  libX11 = Null;
  libpng = Null;
  libusb-compat-0_1 = Null;
  pkgconfig = ζ;
  sane-backends = Null;
  sane-frontends = Null;
  stdenv = α;
} ->
θ