[(SrcSpan {spanBegin = SourcePos {sourceName = "<string>", sourceLine = Pos 470, sourceColumn = Pos 42}, spanEnd = SourcePos {sourceName = "<string>", sourceLine = Pos 470, sourceColumn = Pos 56}},KeyNotPresent "osd"),(SrcSpan {spanBegin = SourcePos {sourceName = "<string>", sourceLine = Pos 470, sourceColumn = Pos 42}, spanEnd = SourcePos {sourceName = "<string>", sourceLine = Pos 470, sourceColumn = Pos 56}},UnexpectedType {expected = NAttrSet (fromList []), got = NBrujin (DeBrujin 0 0)}),(SrcSpan {spanBegin = SourcePos {sourceName = "<string>", sourceLine = Pos 470, sourceColumn = Pos 37}, spanEnd = SourcePos {sourceName = "<string>", sourceLine = Pos 470, sourceColumn = Pos 41}},UndefinedVariable "mkIf"),(SrcSpan {spanBegin = SourcePos {sourceName = "<string>", sourceLine = Pos 462, sourceColumn = Pos 42}, spanEnd = SourcePos {sourceName = "<string>", sourceLine = Pos 462, sourceColumn = Pos 56}},KeyNotPresent "mrc"),(SrcSpan {spanBegin = SourcePos {sourceName = "<string>", sourceLine = Pos 462, sourceColumn = Pos 42}, spanEnd = SourcePos {sourceName = "<string>", sourceLine = Pos 462, sourceColumn = Pos 56}},UnexpectedType {expected = NAttrSet (fromList []), got = NBrujin (DeBrujin 0 0)}),(SrcSpan {spanBegin = SourcePos {sourceName = "<string>", sourceLine = Pos 462, sourceColumn = Pos 37}, spanEnd = SourcePos {sourceName = "<string>", sourceLine = Pos 462, sourceColumn = Pos 41}},UndefinedVariable "mkIf"),(SrcSpan {spanBegin = SourcePos {sourceName = "<string>", sourceLine = Pos 452, sourceColumn = Pos 42}, spanEnd = SourcePos {sourceName = "<string>", sourceLine = Pos 452, sourceColumn = Pos 56}},KeyNotPresent "dir"),(SrcSpan {spanBegin = SourcePos {sourceName = "<string>", sourceLine = Pos 452, sourceColumn = Pos 42}, spanEnd = SourcePos {sourceName = "<string>", sourceLine = Pos 452, sourceColumn = Pos 56}},UnexpectedType {expected = NAttrSet (fromList []), got = NBrujin (DeBrujin 0 0)}),(SrcSpan {spanBegin = SourcePos {sourceName = "<string>", sourceLine = Pos 452, sourceColumn = Pos 37}, spanEnd = SourcePos {sourceName = "<string>", sourceLine = Pos 452, sourceColumn = Pos 41}},UndefinedVariable "mkIf"),(SrcSpan {spanBegin = SourcePos {sourceName = "<string>", sourceLine = Pos 449, sourceColumn = Pos 15}, spanEnd = SourcePos {sourceName = "<string>", sourceLine = Pos 449, sourceColumn = Pos 39}},KeyNotPresent "ids"),(SrcSpan {spanBegin = SourcePos {sourceName = "<string>", sourceLine = Pos 449, sourceColumn = Pos 15}, spanEnd = SourcePos {sourceName = "<string>", sourceLine = Pos 449, sourceColumn = Pos 39}},UnexpectedType {expected = NAttrSet (fromList []), got = NTypeVariable 0}),(SrcSpan {spanBegin = SourcePos {sourceName = "<string>", sourceLine = Pos 442, sourceColumn = Pos 15}, spanEnd = SourcePos {sourceName = "<string>", sourceLine = Pos 442, sourceColumn = Pos 39}},KeyNotPresent "ids"),(SrcSpan {spanBegin = SourcePos {sourceName = "<string>", sourceLine = Pos 442, sourceColumn = Pos 15}, spanEnd = SourcePos {sourceName = "<string>", sourceLine = Pos 442, sourceColumn = Pos 39}},UnexpectedType {expected = NAttrSet (fromList []), got = NTypeVariable 0}),(SrcSpan {spanBegin = SourcePos {sourceName = "<string>", sourceLine = Pos 437, sourceColumn = Pos 21}, spanEnd = SourcePos {sourceName = "<string>", sourceLine = Pos 437, sourceColumn = Pos 31}},KeyNotPresent "enable"),(SrcSpan {spanBegin = SourcePos {sourceName = "<string>", sourceLine = Pos 437, sourceColumn = Pos 21}, spanEnd = SourcePos {sourceName = "<string>", sourceLine = Pos 437, sourceColumn = Pos 31}},UnexpectedType {expected = NAttrSet (fromList []), got = NBrujin (DeBrujin 0 0)}),(SrcSpan {spanBegin = SourcePos {sourceName = "<string>", sourceLine = Pos 437, sourceColumn = Pos 12}, spanEnd = SourcePos {sourceName = "<string>", sourceLine = Pos 437, sourceColumn = Pos 20}},KeyNotPresent "mkIf"),(SrcSpan {spanBegin = SourcePos {sourceName = "<string>", sourceLine = Pos 437, sourceColumn = Pos 12}, spanEnd = SourcePos {sourceName = "<string>", sourceLine = Pos 437, sourceColumn = Pos 20}},UnexpectedType {expected = NAttrSet (fromList []), got = NTypeVariable 1}),(SrcSpan {spanBegin = SourcePos {sourceName = "<string>", sourceLine = Pos 398, sourceColumn = Pos 18}, spanEnd = SourcePos {sourceName = "<string>", sourceLine = Pos 398, sourceColumn = Pos 29}},KeyNotPresent "lines"),(SrcSpan {spanBegin = SourcePos {sourceName = "<string>", sourceLine = Pos 398, sourceColumn = Pos 18}, spanEnd = SourcePos {sourceName = "<string>", sourceLine = Pos 398, sourceColumn = Pos 29}},UnexpectedType {expected = NAttrSet (fromList []), got = NTypeVariable 101}),(SrcSpan {spanBegin = SourcePos {sourceName = "<string>", sourceLine = Pos 398, sourceColumn = Pos 18}, spanEnd = SourcePos {sourceName = "<string>", sourceLine = Pos 398, sourceColumn = Pos 23}},UndefinedVariable "types"),(SrcSpan {spanBegin = SourcePos {sourceName = "<string>", sourceLine = Pos 397, sourceColumn = Pos 23}, spanEnd = SourcePos {sourceName = "<string>", sourceLine = Pos 397, sourceColumn = Pos 31}},UndefinedVariable "mkOption"),(SrcSpan {spanBegin = SourcePos {sourceName = "<string>", sourceLine = Pos 390, sourceColumn = Pos 20}, spanEnd = SourcePos {sourceName = "<string>", sourceLine = Pos 390, sourceColumn = Pos 28}},UndefinedVariable "mkOption"),(SrcSpan {spanBegin = SourcePos {sourceName = "<string>", sourceLine = Pos 382, sourceColumn = Pos 19}, spanEnd = SourcePos {sourceName = "<string>", sourceLine = Pos 382, sourceColumn = Pos 27}},UndefinedVariable "mkOption"),(SrcSpan {spanBegin = SourcePos {sourceName = "<string>", sourceLine = Pos 376, sourceColumn = Pos 16}, spanEnd = SourcePos {sourceName = "<string>", sourceLine = Pos 376, sourceColumn = Pos 24}},UndefinedVariable "mkOption"),(SrcSpan {spanBegin = SourcePos {sourceName = "<string>", sourceLine = Pos 368, sourceColumn = Pos 16}, spanEnd = SourcePos {sourceName = "<string>", sourceLine = Pos 368, sourceColumn = Pos 24}},UndefinedVariable "mkOption"),(SrcSpan {spanBegin = SourcePos {sourceName = "<string>", sourceLine = Pos 361, sourceColumn = Pos 18}, spanEnd = SourcePos {sourceName = "<string>", sourceLine = Pos 361, sourceColumn = Pos 28}},KeyNotPresent "bool"),(SrcSpan {spanBegin = SourcePos {sourceName = "<string>", sourceLine = Pos 361, sourceColumn = Pos 18}, spanEnd = SourcePos {sourceName = "<string>", sourceLine = Pos 361, sourceColumn = Pos 28}},UnexpectedType {expected = NAttrSet (fromList []), got = NTypeVariable 89}),(SrcSpan {spanBegin = SourcePos {sourceName = "<string>", sourceLine = Pos 361, sourceColumn = Pos 18}, spanEnd = SourcePos {sourceName = "<string>", sourceLine = Pos 361, sourceColumn = Pos 23}},UndefinedVariable "types"),(SrcSpan {spanBegin = SourcePos {sourceName = "<string>", sourceLine = Pos 360, sourceColumn = Pos 18}, spanEnd = SourcePos {sourceName = "<string>", sourceLine = Pos 360, sourceColumn = Pos 26}},UndefinedVariable "mkOption"),(SrcSpan {spanBegin = SourcePos {sourceName = "<string>", sourceLine = Pos 317, sourceColumn = Pos 20}, spanEnd = SourcePos {sourceName = "<string>", sourceLine = Pos 317, sourceColumn = Pos 31}},KeyNotPresent "lines"),(SrcSpan {spanBegin = SourcePos {sourceName = "<string>", sourceLine = Pos 317, sourceColumn = Pos 20}, spanEnd = SourcePos {sourceName = "<string>", sourceLine = Pos 317, sourceColumn = Pos 31}},UnexpectedType {expected = NAttrSet (fromList []), got = NTypeVariable 85}),(SrcSpan {spanBegin = SourcePos {sourceName = "<string>", sourceLine = Pos 317, sourceColumn = Pos 20}, spanEnd = SourcePos {sourceName = "<string>", sourceLine = Pos 317, sourceColumn = Pos 25}},UndefinedVariable "types"),(SrcSpan {spanBegin = SourcePos {sourceName = "<string>", sourceLine = Pos 316, sourceColumn = Pos 25}, spanEnd = SourcePos {sourceName = "<string>", sourceLine = Pos 316, sourceColumn = Pos 33}},UndefinedVariable "mkOption"),(SrcSpan {spanBegin = SourcePos {sourceName = "<string>", sourceLine = Pos 315, sourceColumn = Pos 20}, spanEnd = SourcePos {sourceName = "<string>", sourceLine = Pos 315, sourceColumn = Pos 34}},UndefinedVariable "mkEnableOption"),(SrcSpan {spanBegin = SourcePos {sourceName = "<string>", sourceLine = Pos 278, sourceColumn = Pos 18}, spanEnd = SourcePos {sourceName = "<string>", sourceLine = Pos 278, sourceColumn = Pos 29}},KeyNotPresent "lines"),(SrcSpan {spanBegin = SourcePos {sourceName = "<string>", sourceLine = Pos 278, sourceColumn = Pos 18}, spanEnd = SourcePos {sourceName = "<string>", sourceLine = Pos 278, sourceColumn = Pos 29}},UnexpectedType {expected = NAttrSet (fromList []), got = NTypeVariable 79}),(SrcSpan {spanBegin = SourcePos {sourceName = "<string>", sourceLine = Pos 278, sourceColumn = Pos 18}, spanEnd = SourcePos {sourceName = "<string>", sourceLine = Pos 278, sourceColumn = Pos 23}},UndefinedVariable "types"),(SrcSpan {spanBegin = SourcePos {sourceName = "<string>", sourceLine = Pos 277, sourceColumn = Pos 23}, spanEnd = SourcePos {sourceName = "<string>", sourceLine = Pos 277, sourceColumn = Pos 31}},UndefinedVariable "mkOption"),(SrcSpan {spanBegin = SourcePos {sourceName = "<string>", sourceLine = Pos 259, sourceColumn = Pos 20}, spanEnd = SourcePos {sourceName = "<string>", sourceLine = Pos 259, sourceColumn = Pos 28}},UndefinedVariable "mkOption"),(SrcSpan {spanBegin = SourcePos {sourceName = "<string>", sourceLine = Pos 252, sourceColumn = Pos 20}, spanEnd = SourcePos {sourceName = "<string>", sourceLine = Pos 252, sourceColumn = Pos 28}},UndefinedVariable "mkOption"),(SrcSpan {spanBegin = SourcePos {sourceName = "<string>", sourceLine = Pos 244, sourceColumn = Pos 19}, spanEnd = SourcePos {sourceName = "<string>", sourceLine = Pos 244, sourceColumn = Pos 27}},UndefinedVariable "mkOption"),(SrcSpan {spanBegin = SourcePos {sourceName = "<string>", sourceLine = Pos 238, sourceColumn = Pos 16}, spanEnd = SourcePos {sourceName = "<string>", sourceLine = Pos 238, sourceColumn = Pos 24}},UndefinedVariable "mkOption"),(SrcSpan {spanBegin = SourcePos {sourceName = "<string>", sourceLine = Pos 230, sourceColumn = Pos 16}, spanEnd = SourcePos {sourceName = "<string>", sourceLine = Pos 230, sourceColumn = Pos 24}},UndefinedVariable "mkOption"),(SrcSpan {spanBegin = SourcePos {sourceName = "<string>", sourceLine = Pos 223, sourceColumn = Pos 18}, spanEnd = SourcePos {sourceName = "<string>", sourceLine = Pos 223, sourceColumn = Pos 28}},KeyNotPresent "bool"),(SrcSpan {spanBegin = SourcePos {sourceName = "<string>", sourceLine = Pos 223, sourceColumn = Pos 18}, spanEnd = SourcePos {sourceName = "<string>", sourceLine = Pos 223, sourceColumn = Pos 28}},UnexpectedType {expected = NAttrSet (fromList []), got = NTypeVariable 65}),(SrcSpan {spanBegin = SourcePos {sourceName = "<string>", sourceLine = Pos 223, sourceColumn = Pos 18}, spanEnd = SourcePos {sourceName = "<string>", sourceLine = Pos 223, sourceColumn = Pos 23}},UndefinedVariable "types"),(SrcSpan {spanBegin = SourcePos {sourceName = "<string>", sourceLine = Pos 222, sourceColumn = Pos 18}, spanEnd = SourcePos {sourceName = "<string>", sourceLine = Pos 222, sourceColumn = Pos 26}},UndefinedVariable "mkOption"),(SrcSpan {spanBegin = SourcePos {sourceName = "<string>", sourceLine = Pos 179, sourceColumn = Pos 20}, spanEnd = SourcePos {sourceName = "<string>", sourceLine = Pos 179, sourceColumn = Pos 31}},KeyNotPresent "lines"),(SrcSpan {spanBegin = SourcePos {sourceName = "<string>", sourceLine = Pos 179, sourceColumn = Pos 20}, spanEnd = SourcePos {sourceName = "<string>", sourceLine = Pos 179, sourceColumn = Pos 31}},UnexpectedType {expected = NAttrSet (fromList []), got = NTypeVariable 61}),(SrcSpan {spanBegin = SourcePos {sourceName = "<string>", sourceLine = Pos 179, sourceColumn = Pos 20}, spanEnd = SourcePos {sourceName = "<string>", sourceLine = Pos 179, sourceColumn = Pos 25}},UndefinedVariable "types"),(SrcSpan {spanBegin = SourcePos {sourceName = "<string>", sourceLine = Pos 178, sourceColumn = Pos 25}, spanEnd = SourcePos {sourceName = "<string>", sourceLine = Pos 178, sourceColumn = Pos 33}},UndefinedVariable "mkOption"),(SrcSpan {spanBegin = SourcePos {sourceName = "<string>", sourceLine = Pos 177, sourceColumn = Pos 20}, spanEnd = SourcePos {sourceName = "<string>", sourceLine = Pos 177, sourceColumn = Pos 34}},UndefinedVariable "mkEnableOption"),(SrcSpan {spanBegin = SourcePos {sourceName = "<string>", sourceLine = Pos 158, sourceColumn = Pos 18}, spanEnd = SourcePos {sourceName = "<string>", sourceLine = Pos 158, sourceColumn = Pos 29}},KeyNotPresent "lines"),(SrcSpan {spanBegin = SourcePos {sourceName = "<string>", sourceLine = Pos 158, sourceColumn = Pos 18}, spanEnd = SourcePos {sourceName = "<string>", sourceLine = Pos 158, sourceColumn = Pos 29}},UnexpectedType {expected = NAttrSet (fromList []), got = NTypeVariable 55}),(SrcSpan {spanBegin = SourcePos {sourceName = "<string>", sourceLine = Pos 158, sourceColumn = Pos 18}, spanEnd = SourcePos {sourceName = "<string>", sourceLine = Pos 158, sourceColumn = Pos 23}},UndefinedVariable "types"),(SrcSpan {spanBegin = SourcePos {sourceName = "<string>", sourceLine = Pos 157, sourceColumn = Pos 23}, spanEnd = SourcePos {sourceName = "<string>", sourceLine = Pos 157, sourceColumn = Pos 31}},UndefinedVariable "mkOption"),(SrcSpan {spanBegin = SourcePos {sourceName = "<string>", sourceLine = Pos 139, sourceColumn = Pos 20}, spanEnd = SourcePos {sourceName = "<string>", sourceLine = Pos 139, sourceColumn = Pos 28}},UndefinedVariable "mkOption"),(SrcSpan {spanBegin = SourcePos {sourceName = "<string>", sourceLine = Pos 132, sourceColumn = Pos 20}, spanEnd = SourcePos {sourceName = "<string>", sourceLine = Pos 132, sourceColumn = Pos 28}},UndefinedVariable "mkOption"),(SrcSpan {spanBegin = SourcePos {sourceName = "<string>", sourceLine = Pos 124, sourceColumn = Pos 19}, spanEnd = SourcePos {sourceName = "<string>", sourceLine = Pos 124, sourceColumn = Pos 27}},UndefinedVariable "mkOption"),(SrcSpan {spanBegin = SourcePos {sourceName = "<string>", sourceLine = Pos 118, sourceColumn = Pos 16}, spanEnd = SourcePos {sourceName = "<string>", sourceLine = Pos 118, sourceColumn = Pos 24}},UndefinedVariable "mkOption"),(SrcSpan {spanBegin = SourcePos {sourceName = "<string>", sourceLine = Pos 110, sourceColumn = Pos 16}, spanEnd = SourcePos {sourceName = "<string>", sourceLine = Pos 110, sourceColumn = Pos 24}},UndefinedVariable "mkOption"),(SrcSpan {spanBegin = SourcePos {sourceName = "<string>", sourceLine = Pos 103, sourceColumn = Pos 18}, spanEnd = SourcePos {sourceName = "<string>", sourceLine = Pos 103, sourceColumn = Pos 28}},KeyNotPresent "bool"),(SrcSpan {spanBegin = SourcePos {sourceName = "<string>", sourceLine = Pos 103, sourceColumn = Pos 18}, spanEnd = SourcePos {sourceName = "<string>", sourceLine = Pos 103, sourceColumn = Pos 28}},UnexpectedType {expected = NAttrSet (fromList []), got = NTypeVariable 41}),(SrcSpan {spanBegin = SourcePos {sourceName = "<string>", sourceLine = Pos 103, sourceColumn = Pos 18}, spanEnd = SourcePos {sourceName = "<string>", sourceLine = Pos 103, sourceColumn = Pos 23}},UndefinedVariable "types"),(SrcSpan {spanBegin = SourcePos {sourceName = "<string>", sourceLine = Pos 102, sourceColumn = Pos 18}, spanEnd = SourcePos {sourceName = "<string>", sourceLine = Pos 102, sourceColumn = Pos 26}},UndefinedVariable "mkOption"),(SrcSpan {spanBegin = SourcePos {sourceName = "<string>", sourceLine = Pos 94, sourceColumn = Pos 17}, spanEnd = SourcePos {sourceName = "<string>", sourceLine = Pos 94, sourceColumn = Pos 25}},UndefinedVariable "mkOption"),(SrcSpan {spanBegin = SourcePos {sourceName = "<string>", sourceLine = Pos 92, sourceColumn = Pos 16}, spanEnd = SourcePos {sourceName = "<string>", sourceLine = Pos 92, sourceColumn = Pos 30}},UndefinedVariable "mkEnableOption"),(SrcSpan {spanBegin = SourcePos {sourceName = "<string>", sourceLine = Pos 79, sourceColumn = Pos 43}, spanEnd = SourcePos {sourceName = "<string>", sourceLine = Pos 79, sourceColumn = Pos 54}},UndefinedVariable "optionalDir"),(SrcSpan {spanBegin = SourcePos {sourceName = "<string>", sourceLine = Pos 78, sourceColumn = Pos 37}, spanEnd = SourcePos {sourceName = "<string>", sourceLine = Pos 78, sourceColumn = Pos 48}},UndefinedVariable "optionalDir"),(SrcSpan {spanBegin = SourcePos {sourceName = "<string>", sourceLine = Pos 75, sourceColumn = Pos 27}, spanEnd = SourcePos {sourceName = "<string>", sourceLine = Pos 75, sourceColumn = Pos 41}},KeyNotPresent "dir"),(SrcSpan {spanBegin = SourcePos {sourceName = "<string>", sourceLine = Pos 75, sourceColumn = Pos 27}, spanEnd = SourcePos {sourceName = "<string>", sourceLine = Pos 75, sourceColumn = Pos 41}},UnexpectedType {expected = NAttrSet (fromList []), got = NTypeVariable 28}),(SrcSpan {spanBegin = SourcePos {sourceName = "<string>", sourceLine = Pos 75, sourceColumn = Pos 27}, spanEnd = SourcePos {sourceName = "<string>", sourceLine = Pos 75, sourceColumn = Pos 30}},UndefinedVariable "cfg"),(SrcSpan {spanBegin = SourcePos {sourceName = "<string>", sourceLine = Pos 75, sourceColumn = Pos 17}, spanEnd = SourcePos {sourceName = "<string>", sourceLine = Pos 75, sourceColumn = Pos 26}},UndefinedVariable "optionals"),(SrcSpan {spanBegin = SourcePos {sourceName = "<string>", sourceLine = Pos 65, sourceColumn = Pos 15}, spanEnd = SourcePos {sourceName = "<string>", sourceLine = Pos 65, sourceColumn = Pos 29}},KeyNotPresent "writeText"),(SrcSpan {spanBegin = SourcePos {sourceName = "<string>", sourceLine = Pos 65, sourceColumn = Pos 15}, spanEnd = SourcePos {sourceName = "<string>", sourceLine = Pos 65, sourceColumn = Pos 29}},UnexpectedType {expected = NAttrSet (fromList []), got = NTypeVariable 2}),(SrcSpan {spanBegin = SourcePos {sourceName = "<string>", sourceLine = Pos 51, sourceColumn = Pos 15}, spanEnd = SourcePos {sourceName = "<string>", sourceLine = Pos 51, sourceColumn = Pos 29}},KeyNotPresent "writeText"),(SrcSpan {spanBegin = SourcePos {sourceName = "<string>", sourceLine = Pos 51, sourceColumn = Pos 15}, spanEnd = SourcePos {sourceName = "<string>", sourceLine = Pos 51, sourceColumn = Pos 29}},UnexpectedType {expected = NAttrSet (fromList []), got = NTypeVariable 2}),(SrcSpan {spanBegin = SourcePos {sourceName = "<string>", sourceLine = Pos 43, sourceColumn = Pos 26}, spanEnd = SourcePos {sourceName = "<string>", sourceLine = Pos 43, sourceColumn = Pos 40}},KeyNotPresent "writeText"),(SrcSpan {spanBegin = SourcePos {sourceName = "<string>", sourceLine = Pos 43, sourceColumn = Pos 26}, spanEnd = SourcePos {sourceName = "<string>", sourceLine = Pos 43, sourceColumn = Pos 40}},UnexpectedType {expected = NAttrSet (fromList []), got = NTypeVariable 2}),(SrcSpan {spanBegin = SourcePos {sourceName = "<string>", sourceLine = Pos 29, sourceColumn = Pos 15}, spanEnd = SourcePos {sourceName = "<string>", sourceLine = Pos 29, sourceColumn = Pos 29}},KeyNotPresent "writeText"),(SrcSpan {spanBegin = SourcePos {sourceName = "<string>", sourceLine = Pos 29, sourceColumn = Pos 15}, spanEnd = SourcePos {sourceName = "<string>", sourceLine = Pos 29, sourceColumn = Pos 29}},UnexpectedType {expected = NAttrSet (fromList []), got = NTypeVariable 2}),(SrcSpan {spanBegin = SourcePos {sourceName = "<string>", sourceLine = Pos 21, sourceColumn = Pos 26}, spanEnd = SourcePos {sourceName = "<string>", sourceLine = Pos 21, sourceColumn = Pos 40}},KeyNotPresent "writeText"),(SrcSpan {spanBegin = SourcePos {sourceName = "<string>", sourceLine = Pos 21, sourceColumn = Pos 26}, spanEnd = SourcePos {sourceName = "<string>", sourceLine = Pos 21, sourceColumn = Pos 40}},UnexpectedType {expected = NAttrSet (fromList []), got = NTypeVariable 2}),(SrcSpan {spanBegin = SourcePos {sourceName = "<string>", sourceLine = Pos 13, sourceColumn = Pos 38}, spanEnd = SourcePos {sourceName = "<string>", sourceLine = Pos 13, sourceColumn = Pos 54}},KeyNotPresent "writeScript"),(SrcSpan {spanBegin = SourcePos {sourceName = "<string>", sourceLine = Pos 13, sourceColumn = Pos 38}, spanEnd = SourcePos {sourceName = "<string>", sourceLine = Pos 13, sourceColumn = Pos 54}},UnexpectedType {expected = NAttrSet (fromList []), got = NTypeVariable 2}),(SrcSpan {spanBegin = SourcePos {sourceName = "<string>", sourceLine = Pos 11, sourceColumn = Pos 10}, spanEnd = SourcePos {sourceName = "<string>", sourceLine = Pos 11, sourceColumn = Pos 21}},KeyNotPresent "homeDir"),(SrcSpan {spanBegin = SourcePos {sourceName = "<string>", sourceLine = Pos 11, sourceColumn = Pos 10}, spanEnd = SourcePos {sourceName = "<string>", sourceLine = Pos 11, sourceColumn = Pos 21}},UnexpectedType {expected = NAttrSet (fromList []), got = NTypeVariable 5}),(SrcSpan {spanBegin = SourcePos {sourceName = "<string>", sourceLine = Pos 11, sourceColumn = Pos 10}, spanEnd = SourcePos {sourceName = "<string>", sourceLine = Pos 11, sourceColumn = Pos 13}},UndefinedVariable "cfg"),(SrcSpan {spanBegin = SourcePos {sourceName = "<string>", sourceLine = Pos 9, sourceColumn = Pos 14}, spanEnd = SourcePos {sourceName = "<string>", sourceLine = Pos 9, sourceColumn = Pos 27}},KeyNotPresent "xtreemfs"),(SrcSpan {spanBegin = SourcePos {sourceName = "<string>", sourceLine = Pos 9, sourceColumn = Pos 14}, spanEnd = SourcePos {sourceName = "<string>", sourceLine = Pos 9, sourceColumn = Pos 27}},UnexpectedType {expected = NAttrSet (fromList []), got = NTypeVariable 2}),(SrcSpan {spanBegin = SourcePos {sourceName = "<string>", sourceLine = Pos 7, sourceColumn = Pos 9}, spanEnd = SourcePos {sourceName = "<string>", sourceLine = Pos 7, sourceColumn = Pos 33}},KeyNotPresent "services"),(SrcSpan {spanBegin = SourcePos {sourceName = "<string>", sourceLine = Pos 7, sourceColumn = Pos 9}, spanEnd = SourcePos {sourceName = "<string>", sourceLine = Pos 7, sourceColumn = Pos 33}},UnexpectedType {expected = NAttrSet (fromList []), got = NTypeVariable 0}),(SrcSpan {spanBegin = SourcePos {sourceName = "<string>", sourceLine = Pos 3, sourceColumn = Pos 1}, spanEnd = SourcePos {sourceName = "<string>", sourceLine = Pos 481, sourceColumn = Pos 1}},UnexpectedType {expected = NAttrSet (fromList []), got = NTypeVariable 1})]
[CanNotUnify (NAtomic String) (NAtomic String :-> NTypeVariable 26),CanNotUnify (NAtomic String) (NAtomic String :-> NTypeVariable 23),CanNotUnify (NAtomic String) (NAtomic String :-> NTypeVariable 20),CanNotUnify (NAtomic String) (NAtomic String :-> NTypeVariable 17),CanNotUnify (NAtomic String) (NAtomic String :-> NTypeVariable 14),CanNotUnify (NAtomic String) (NAtomic String :-> NTypeVariable 11)]
∀ ε ζ η. { config = ε; lib = ζ; pkgs = η } -> { config = { environment = { systemPackages = [∀ δ. δ] }; systemd = { services = { xtreemfs-dir = { after = [String]; description = String; serviceConfig = { ExecStart = String; User = String }; wantedBy = [String] }; xtreemfs-mrc = { after = [String]; description = String; serviceConfig = { ExecStart = String; User = String }; wantedBy = [String] }; xtreemfs-osd = { after = [String]; description = String; serviceConfig = { ExecStart = String; User = String }; wantedBy = [String] } } }; users = { groups = { xtreemfs = { gid = ∀ γ. γ } }; users = { xtreemfs = { createHome = Bool; description = String; home = ∀ γ. γ; uid = ∀ γ. γ } } } }; options = { services = { xtreemfs = { dir = { address = { default = String; description = String; example = String }; enable = { default = Bool; description = String; type = ∀ β. β }; extraConfig = { default = String; description = String; example = String; type = ∀ β. β }; httpPort = { default = Integer; description = String }; port = { default = Integer; description = String }; replication = { enable = String; extraConfig = { description = String; example = String; type = ∀ α. α } }; syncMode = { default = String; description = String; example = String }; uuid = { description = String; example = String } }; enable = String; homeDir = { default = String; description = String }; mrc = { address = { default = String; description = String; example = String }; enable = { default = Bool; description = String; type = ∀ β. β }; extraConfig = { description = String; example = String; type = ∀ β. β }; httpPort = { default = Integer; description = String }; port = { default = Integer; description = String }; replication = { enable = String; extraConfig = { description = String; example = String; type = ∀ α. α } }; syncMode = { default = String; description = String; example = String }; uuid = { description = String; example = String } }; osd = { address = { default = String; description = String; example = String }; enable = { default = Bool; description = String; type = ∀ β. β }; extraConfig = { description = String; example = String; type = ∀ β. β }; httpPort = { default = Integer; description = String }; port = { default = Integer; description = String }; uuid = { description = String; example = String } } } } } }