{a = Number; b = Number; f = ∀ α. ((String | Number) ~ α) => α -> α -> α;}